Archive member included to satisfy reference by file (symbol)

/usr/lib/gcc/arm-none-eabi/4.9.3/../../../arm-none-eabi/lib/armv7e-m/fpu/libg.a(lib_a-atexit.o)
                              /usr/lib/gcc/arm-none-eabi/4.9.3/../../../arm-none-eabi/lib/armv7e-m/fpu/crt0.o (atexit)
/usr/lib/gcc/arm-none-eabi/4.9.3/../../../arm-none-eabi/lib/armv7e-m/fpu/libg.a(lib_a-ctype_.o)
                              build/parser.o (__ctype_ptr__)
/usr/lib/gcc/arm-none-eabi/4.9.3/../../../arm-none-eabi/lib/armv7e-m/fpu/libg.a(lib_a-errno.o)
                              build/syscall.o (__errno)
/usr/lib/gcc/arm-none-eabi/4.9.3/../../../arm-none-eabi/lib/armv7e-m/fpu/libg.a(lib_a-exit.o)
                              /usr/lib/gcc/arm-none-eabi/4.9.3/../../../arm-none-eabi/lib/armv7e-m/fpu/crt0.o (exit)
/usr/lib/gcc/arm-none-eabi/4.9.3/../../../arm-none-eabi/lib/armv7e-m/fpu/libg.a(lib_a-fini.o)
                              /usr/lib/gcc/arm-none-eabi/4.9.3/../../../arm-none-eabi/lib/armv7e-m/fpu/crt0.o (__libc_fini_array)
/usr/lib/gcc/arm-none-eabi/4.9.3/../../../arm-none-eabi/lib/armv7e-m/fpu/libg.a(lib_a-impure.o)
                              /usr/lib/gcc/arm-none-eabi/4.9.3/../../../arm-none-eabi/lib/armv7e-m/fpu/libg.a(lib_a-exit.o) (_global_impure_ptr)
/usr/lib/gcc/arm-none-eabi/4.9.3/../../../arm-none-eabi/lib/armv7e-m/fpu/libg.a(lib_a-init.o)
                              /usr/lib/gcc/arm-none-eabi/4.9.3/../../../arm-none-eabi/lib/armv7e-m/fpu/crt0.o (__libc_init_array)
/usr/lib/gcc/arm-none-eabi/4.9.3/../../../arm-none-eabi/lib/armv7e-m/fpu/libg.a(lib_a-memset.o)
                              /usr/lib/gcc/arm-none-eabi/4.9.3/../../../arm-none-eabi/lib/armv7e-m/fpu/crt0.o (memset)
/usr/lib/gcc/arm-none-eabi/4.9.3/../../../arm-none-eabi/lib/armv7e-m/fpu/libg.a(lib_a-printf.o)
                              build/main.o (printf)
/usr/lib/gcc/arm-none-eabi/4.9.3/../../../arm-none-eabi/lib/armv7e-m/fpu/libg.a(lib_a-putchar.o)
                              build/parser.o (putchar)
/usr/lib/gcc/arm-none-eabi/4.9.3/../../../arm-none-eabi/lib/armv7e-m/fpu/libg.a(lib_a-puts.o)
                              build/main.o (puts)
/usr/lib/gcc/arm-none-eabi/4.9.3/../../../arm-none-eabi/lib/armv7e-m/fpu/libg.a(lib_a-setvbuf.o)
                              build/terminal.o (setvbuf)
/usr/lib/gcc/arm-none-eabi/4.9.3/../../../arm-none-eabi/lib/armv7e-m/fpu/libg.a(lib_a-strcasecmp.o)
                              build/parser.o (strcasecmp)
/usr/lib/gcc/arm-none-eabi/4.9.3/../../../arm-none-eabi/lib/armv7e-m/fpu/libg.a(lib_a-strcpy.o)
                              build/parser.o (strcpy)
/usr/lib/gcc/arm-none-eabi/4.9.3/../../../arm-none-eabi/lib/armv7e-m/fpu/libg.a(lib_a-strlen.o)
                              build/parser.o (strlen)
/usr/lib/gcc/arm-none-eabi/4.9.3/../../../arm-none-eabi/lib/armv7e-m/fpu/libg.a(lib_a-strtok.o)
                              build/parser.o (strtok)
/usr/lib/gcc/arm-none-eabi/4.9.3/../../../arm-none-eabi/lib/armv7e-m/fpu/libg.a(lib_a-strtok_r.o)
                              /usr/lib/gcc/arm-none-eabi/4.9.3/../../../arm-none-eabi/lib/armv7e-m/fpu/libg.a(lib_a-strtok.o) (__strtok_r)
/usr/lib/gcc/arm-none-eabi/4.9.3/../../../arm-none-eabi/lib/armv7e-m/fpu/libg.a(lib_a-strtol.o)
                              build/parser.o (strtol)
/usr/lib/gcc/arm-none-eabi/4.9.3/../../../arm-none-eabi/lib/armv7e-m/fpu/libg.a(lib_a-strtoul.o)
                              build/parser.o (strtoul)
/usr/lib/gcc/arm-none-eabi/4.9.3/../../../arm-none-eabi/lib/armv7e-m/fpu/libg.a(lib_a-vfprintf.o)
                              /usr/lib/gcc/arm-none-eabi/4.9.3/../../../arm-none-eabi/lib/armv7e-m/fpu/libg.a(lib_a-printf.o) (_vfprintf_r)
/usr/lib/gcc/arm-none-eabi/4.9.3/../../../arm-none-eabi/lib/armv7e-m/fpu/libg.a(lib_a-wsetup.o)
                              /usr/lib/gcc/arm-none-eabi/4.9.3/../../../arm-none-eabi/lib/armv7e-m/fpu/libg.a(lib_a-vfprintf.o) (__swsetup_r)
/usr/lib/gcc/arm-none-eabi/4.9.3/../../../arm-none-eabi/lib/armv7e-m/fpu/libg.a(lib_a-__atexit.o)
                              /usr/lib/gcc/arm-none-eabi/4.9.3/../../../arm-none-eabi/lib/armv7e-m/fpu/libg.a(lib_a-atexit.o) (__register_exitproc)
/usr/lib/gcc/arm-none-eabi/4.9.3/../../../arm-none-eabi/lib/armv7e-m/fpu/libg.a(lib_a-__call_atexit.o)
                              /usr/lib/gcc/arm-none-eabi/4.9.3/../../../arm-none-eabi/lib/armv7e-m/fpu/libg.a(lib_a-exit.o) (__call_exitprocs)
/usr/lib/gcc/arm-none-eabi/4.9.3/../../../arm-none-eabi/lib/armv7e-m/fpu/libg.a(lib_a-dtoa.o)
                              /usr/lib/gcc/arm-none-eabi/4.9.3/../../../arm-none-eabi/lib/armv7e-m/fpu/libg.a(lib_a-vfprintf.o) (_dtoa_r)
/usr/lib/gcc/arm-none-eabi/4.9.3/../../../arm-none-eabi/lib/armv7e-m/fpu/libg.a(lib_a-fflush.o)
                              /usr/lib/gcc/arm-none-eabi/4.9.3/../../../arm-none-eabi/lib/armv7e-m/fpu/libg.a(lib_a-setvbuf.o) (_fflush_r)
/usr/lib/gcc/arm-none-eabi/4.9.3/../../../arm-none-eabi/lib/armv7e-m/fpu/libg.a(lib_a-findfp.o)
[...]
Memory Configuration

Name             Origin             Length             Attributes
FLASH            0x0000000008000000 0x0000000000040000 xr
RAM              0x0000000020000000 0x000000000000a000 xrw
CCMRAM           0x0000000010000000 0x0000000000002000 rw
*default*        0x0000000000000000 0xffffffffffffffff

Linker script and memory map

LOAD /usr/lib/gcc/arm-none-eabi/4.9.3/armv7e-m/fpu/crti.o
LOAD /usr/lib/gcc/arm-none-eabi/4.9.3/armv7e-m/fpu/crtbegin.o
LOAD /usr/lib/gcc/arm-none-eabi/4.9.3/../../../arm-none-eabi/lib/armv7e-m/fpu/crt0.o
LOAD build/main.o
LOAD build/detender.o
LOAD build/KunalLab3adc.o
LOAD build/mycode.o
LOAD build/mytest.o
LOAD build/monitor.o
LOAD build/parser.o
LOAD build/dump.o
LOAD build/syscall.o
LOAD build/terminal.o
LOAD build/decoder/decoder.o
LOAD build/decoder/STM32F30x_decoder.o
LOAD build/Drivers/CMSIS/Device/ST/STM32F3xx/Source/Templates/system_stm32f3xx.o
LOAD build/Drivers/STM32F3xx_HAL_Driver/Src/stm32f3xx_hal_rcc.o
LOAD build/Drivers/STM32F3xx_HAL_Driver/Src/stm32f3xx_hal.o
LOAD build/Drivers/STM32F3xx_HAL_Driver/Src/stm32f3xx_hal_cortex.o
LOAD build/Drivers/STM32F3xx_HAL_Driver/Src/stm32f3xx_hal_uart.o
LOAD build/Drivers/STM32F3xx_HAL_Driver/Src/stm32f3xx_hal_gpio.o
LOAD build/Drivers/STM32F3xx_HAL_Driver/Src/stm32f3xx_hal_pcd.o
LOAD build/Drivers/STM32F3xx_HAL_Driver/Src/stm32f3xx_hal_pcd_ex.o
LOAD build/Drivers/STM32F3xx_HAL_Driver/Src/stm32f3xx_hal_i2c.o
LOAD build/Drivers/STM32F3xx_HAL_Driver/Src/stm32f3xx_hal_adc.o
LOAD build/Drivers/STM32F3xx_HAL_Driver/Src/stm32f3xx_hal_adc_ex.o
LOAD build/Drivers/STM32F3xx_HAL_Driver/Src/stm32f3xx_hal_spi.o
LOAD build/Drivers/STM32_USB_Device_Library/Core/Src/usbd_core.o
LOAD build/Drivers/STM32_USB_Device_Library/Core/Src/usbd_ctlreq.o
LOAD build/Drivers/STM32_USB_Device_Library/Core/Src/usbd_ioreq.o
LOAD build/Drivers/STM32_USB_Device_Library/Class/CDC/Src/usbd_cdc.o
LOAD build/usbd_conf.o
LOAD build/usbd_desc.o
LOAD build/usbd_cdc_interface.o
LOAD build/Drivers/BSP/STM32F3-Discovery/stm32f3_discovery.o
LOAD build/Drivers/BSP/STM32F3-Discovery/stm32f3_discovery_accelerometer.o
LOAD build/Drivers/BSP/STM32F3-Discovery/stm32f3_discovery_gyroscope.o
LOAD build/Drivers/BSP/Components/lsm303dlhc/lsm303dlhc.o
LOAD build/Drivers/BSP/Components/l3gd20/l3gd20.o
LOAD build/Drivers/CMSIS/Device/ST/STM32F3xx/Source/Templates/gcc/startup_stm32f303xc.o
START GROUP
LOAD /usr/lib/gcc/arm-none-eabi/4.9.3/armv7e-m/fpu/libgcc.a
LOAD /usr/lib/gcc/arm-none-eabi/4.9.3/../../../arm-none-eabi/lib/armv7e-m/fpu/libg.a
LOAD /usr/lib/gcc/arm-none-eabi/4.9.3/../../../arm-none-eabi/lib/armv7e-m/fpu/libc.a
END GROUP
LOAD /usr/lib/gcc/arm-none-eabi/4.9.3/armv7e-m/fpu/crtend.o
LOAD /usr/lib/gcc/arm-none-eabi/4.9.3/armv7e-m/fpu/crtn.o
                0x0000000020008000                _estack = 0x20008000
                0x0000000000001000                _Min_Heap_Size = 0x1000
                0x0000000000000400                _Min_Stack_Size = 0x400

.isr_vector     0x0000000008000000      0x188
                0x0000000008000000                . = ALIGN (0x4)
 *(.isr_vector)
 .isr_vector    0x0000000008000000      0x188 build/Drivers/CMSIS/Device/ST/STM32F3xx/Source/Templates/gcc/startup_stm32f303xc.o
                0x0000000008000000                g_pfnVectors
                0x0000000008000188                . = ALIGN (0x4)

.text           0x0000000008000188     0xae4c
                0x0000000008000188                . = ALIGN (0x4)
 *(.text)
 .text          0x0000000008000188       0xa4 /usr/lib/gcc/arm-none-eabi/4.9.3/armv7e-m/fpu/crtbegin.o
 .text          0x000000000800022c       0x3c build/mycode.o
                0x000000000800022c                mytest
                0x0000000008000244                my_Tick
                0x0000000008000258                my_Loop
                0x000000000800025c                my_Init
 .text          0x0000000008000268      0x134 /usr/lib/gcc/arm-none-eabi/4.9.3/../../../arm-none-eabi/lib/armv7e-m/fpu/libg.a(lib_a-memcpy.o)
                0x0000000008000268                memcpy
 .text          0x000000000800039c      0x370 /usr/lib/gcc/arm-none-eabi/4.9.3/armv7e-m/fpu/libgcc.a(_arm_addsubdf3.o)
                0x000000000800039c                __aeabi_drsub
                0x00000000080003a4                __aeabi_dsub
                0x00000000080003a4                __subdf3
                0x00000000080003a8                __adddf3
                0x00000000080003a8                __aeabi_dadd
                0x0000000008000620                __aeabi_ui2d
                0x0000000008000620                __floatunsidf
                0x0000000008000640                __floatsidf
                0x0000000008000640                __aeabi_i2d
                0x0000000008000664                __extendsfdf2
                0x0000000008000664                __aeabi_f2d
                0x00000000080006a0                __aeabi_ul2d
                0x00000000080006a0                __floatundidf
                0x00000000080006b0                __floatdidf
                0x00000000080006b0                __aeabi_l2d
 .text          0x000000000800070c      0x424 /usr/lib/gcc/arm-none-eabi/4.9.3/armv7e-m/fpu/libgcc.a(_arm_muldivdf3.o)
                0x000000000800070c                __aeabi_dmul
                0x000000000800070c                __muldf3
                0x0000000008000960                __aeabi_ddiv
                0x0000000008000960                __divdf3
 .text          0x0000000008000b30      0x110 /usr/lib/gcc/arm-none-eabi/4.9.3/armv7e-m/fpu/libgcc.a(_arm_cmpdf2.o)
                0x0000000008000b30                __gtdf2
                0x0000000008000b30                __gedf2
                0x0000000008000b38                __ltdf2
                0x0000000008000b38                __ledf2
                0x0000000008000b40                __cmpdf2
                0x0000000008000b40                __eqdf2
                0x0000000008000b40                __nedf2
                0x0000000008000bbc                __aeabi_cdrcmple
                0x0000000008000bcc                __aeabi_cdcmple
                0x0000000008000bcc                __aeabi_cdcmpeq
                0x0000000008000bdc                __aeabi_dcmpeq
                0x0000000008000bf0                __aeabi_dcmplt
                0x0000000008000c04                __aeabi_dcmple
                0x0000000008000c18                __aeabi_dcmpge
                0x0000000008000c2c                __aeabi_dcmpgt
 .text          0x0000000008000c40       0x50 /usr/lib/gcc/arm-none-eabi/4.9.3/armv7e-m/fpu/libgcc.a(_arm_fixdfsi.o)
                0x0000000008000c40                __fixdfsi
                0x0000000008000c40                __aeabi_d2iz
 .text          0x0000000008000c90       0x30 /usr/lib/gcc/arm-none-eabi/4.9.3/armv7e-m/fpu/libgcc.a(_aeabi_uldivmod.o)
                0x0000000008000c90                __aeabi_uldivmod
 .text          0x0000000008000cc0       0x60 /usr/lib/gcc/arm-none-eabi/4.9.3/armv7e-m/fpu/libgcc.a(bpabi.o)
                0x0000000008000cc0                __gnu_ldivmod_helper
                0x0000000008000cf0                __gnu_uldivmod_helper
 .text          0x0000000008000d20        0x4 /usr/lib/gcc/arm-none-eabi/4.9.3/armv7e-m/fpu/libgcc.a(_dvmd_tls.o)
                0x0000000008000d20                __aeabi_ldiv0
                0x0000000008000d20                __aeabi_idiv0
 .text          0x0000000008000d24      0x29c /usr/lib/gcc/arm-none-eabi/4.9.3/armv7e-m/fpu/libgcc.a(_divdi3.o)
                0x0000000008000d24                __divdi3
 .text          0x0000000008000fc0      0x26c /usr/lib/gcc/arm-none-eabi/4.9.3/armv7e-m/fpu/libgcc.a(_udivdi3.o)
                0x0000000008000fc0                __udivdi3
 *(.text*)
 .text.CmdLED   0x000000000800122c       0x5c build/main.o
                0x000000000800122c                CmdLED
 .text.CmdAccel
                0x0000000008001288       0x28 build/main.o
                0x0000000008001288                CmdAccel
 .text.CmdGyro  0x00000000080012b0       0x54 build/main.o
                0x00000000080012b0                CmdGyro
 .text.CmdButton
                0x0000000008001304       0x2c build/main.o
                0x0000000008001304                CmdButton
 .text.Error_Handler
                0x0000000008001330        0xa build/main.o
                0x0000000008001330                Error_Handler
 *fill*         0x000000000800133a        0x2 
 .text.startup.main
                0x000000000800133c       0x94 build/main.o
                0x000000000800133c                main
 .text.SysTick_Handler
                0x00000000080013d0        0xe build/main.o
                0x00000000080013d0                SysTick_Handler
 *fill*         0x00000000080013de        0x2 
 .text.gpioinit
                0x00000000080013e0       0x38 build/detender.o
                0x00000000080013e0                gpioinit
 .text.gpio     0x0000000008001418       0x90 build/detender.o
                0x0000000008001418                gpio
 .text.gpiointADC
                0x00000000080014a8       0x7c build/KunalLab3adc.o
                0x00000000080014a8                gpiointADC
 .text.ReadADC  0x0000000008001524       0x84 build/KunalLab3adc.o
                0x0000000008001524                ReadADC
 .text.CmdADC   0x00000000080015a8       0x1c build/KunalLab3adc.o
                0x00000000080015a8                CmdADC
 .text.CmdTest  0x00000000080015c4       0x30 build/mytest.o
                0x00000000080015c4                CmdTest
 .text.CmdW     0x00000000080015f4       0x1c build/monitor.o
                0x00000000080015f4                CmdW
 .text.CmdR     0x0000000008001610       0x20 build/monitor.o
                0x0000000008001610                CmdR
 .text.parse    0x0000000008001630      0x104 build/parser.o
                0x0000000008001630                parse
 .text.TaskInput
                0x0000000008001734      0x12c build/parser.o
                0x0000000008001734                TaskInput
 .text.fetch_uint32_arg
                0x0000000008001860       0x28 build/parser.o
                0x0000000008001860                fetch_uint32_arg
 .text.fetch_string_arg
                0x0000000008001888       0x20 build/parser.o
                0x0000000008001888                fetch_string_arg
 .text.DumpBuffer
                0x00000000080018a8       0xb4 build/dump.o
                0x00000000080018a8                DumpBuffer
 .text.CmdDump  0x000000000800195c       0x54 build/dump.o
                0x000000000800195c                CmdDump
 .text._sbrk_r  0x00000000080019b0       0x34 build/syscall.o
                0x00000000080019b0                _sbrk_r
 .text._close_r
                0x00000000080019e4        0x6 build/syscall.o
                0x00000000080019e4                _close_r
 .text._fstat_r
                0x00000000080019ea        0xa build/syscall.o
                0x00000000080019ea                _fstat_r
 .text._isatty_r
                0x00000000080019f4        0x4 build/syscall.o
                0x00000000080019f4                _isatty_r
 .text._lseek_r
                0x00000000080019f8        0x4 build/syscall.o
                0x00000000080019f8                _lseek_r
 .text.USBD_CDC_DataIn
                0x00000000080019fc       0x80 build/terminal.o
 .text.CmdStats
                0x0000000008001a7c       0x54 build/terminal.o
                0x0000000008001a7c                CmdStats
 .text.TerminalInit
                0x0000000008001ad0       0x7c build/terminal.o
                0x0000000008001ad0                TerminalInit
 .text.TerminalRead
                0x0000000008001b4c       0x4c build/terminal.o
                0x0000000008001b4c                TerminalRead
 .text._read_r  0x0000000008001b98        0xa build/terminal.o
                0x0000000008001b98                _read_r
 .text.TerminalReadNonBlock
                0x0000000008001ba2       0x10 build/terminal.o
                0x0000000008001ba2                TerminalReadNonBlock
 .text.TerminalReadAnyNonBlock
                0x0000000008001bb2       0x12 build/terminal.o
                0x0000000008001bb2                TerminalReadAnyNonBlock
 .text.TerminalOutputBufferWrite
                0x0000000008001bc4       0xe8 build/terminal.o
                0x0000000008001bc4                TerminalOutputBufferWrite
 .text._write_r
                0x0000000008001cac       0x38 build/terminal.o
                0x0000000008001cac                _write_r
 .text.TerminalInputBufferWrite
                0x0000000008001ce4       0x70 build/terminal.o
                0x0000000008001ce4                TerminalInputBufferWrite
 .text.USB_LP_CAN_RX0_IRQHandler
                0x0000000008001d54        0xc build/terminal.o
                0x0000000008001d54                USB_LP_CAN_RX0_IRQHandler
 .text.Uncompress
                0x0000000008001d60       0x78 build/decoder/decoder.o
 .text.DecodeReadRegister
                0x0000000008001dd8       0x58 build/decoder/decoder.o
                0x0000000008001dd8                DecodeReadRegister
 .text.DecodeWriteRegister
                0x0000000008001e30       0x54 build/decoder/decoder.o
                0x0000000008001e30                DecodeWriteRegister
 .text.DecodeField
                0x0000000008001e84       0x4c build/decoder/decoder.o
                0x0000000008001e84                DecodeField
 .text.DecodeRegister
                0x0000000008001ed0       0x5c build/decoder/decoder.o
                0x0000000008001ed0                DecodeRegister
 .text.DecodePeripheral
                0x0000000008001f2c       0x50 build/decoder/decoder.o
                0x0000000008001f2c                DecodePeripheral
 .text.DecodePrintPeripherals
                0x0000000008001f7c       0x48 build/decoder/decoder.o
                0x0000000008001f7c                DecodePrintPeripherals
 .text.DecodePrintRegisters
                0x0000000008001fc4       0x58 build/decoder/decoder.o
                0x0000000008001fc4                DecodePrintRegisters
 .text.CmdDecode
                0x000000000800201c      0x278 build/decoder/decoder.o
                0x000000000800201c                CmdDecode
 .text.SystemInit
                0x0000000008002294       0x68 build/Drivers/CMSIS/Device/ST/STM32F3xx/Source/Templates/system_stm32f3xx.o
                0x0000000008002294                SystemInit
 .text.HAL_RCC_OscConfig
                0x00000000080022fc      0x5d4 build/Drivers/STM32F3xx_HAL_Driver/Src/stm32f3xx_hal_rcc.o
                0x00000000080022fc                HAL_RCC_OscConfig
 .text.HAL_RCC_ClockConfig
                0x00000000080028d0      0x2cc build/Drivers/STM32F3xx_HAL_Driver/Src/stm32f3xx_hal_rcc.o
                0x00000000080028d0                HAL_RCC_ClockConfig
 .text.HAL_RCC_GetSysClockFreq
                0x0000000008002b9c       0x6c build/Drivers/STM32F3xx_HAL_Driver/Src/stm32f3xx_hal_rcc.o
                0x0000000008002b9c                HAL_RCC_GetSysClockFreq
 .text.HAL_RCC_GetHCLKFreq
                0x0000000008002c08       0x38 build/Drivers/STM32F3xx_HAL_Driver/Src/stm32f3xx_hal_rcc.o
                0x0000000008002c08                HAL_RCC_GetHCLKFreq
 .text.HAL_MspInit
                0x0000000008002c40        0x2 build/Drivers/STM32F3xx_HAL_Driver/Src/stm32f3xx_hal.o
                0x0000000008002c40                HAL_MspInit
 .text.HAL_InitTick
                0x0000000008002c42       0x24 build/Drivers/STM32F3xx_HAL_Driver/Src/stm32f3xx_hal.o
                0x0000000008002c42                HAL_InitTick
 *fill*         0x0000000008002c66        0x2 
 .text.HAL_Init
                0x0000000008002c68       0x24 build/Drivers/STM32F3xx_HAL_Driver/Src/stm32f3xx_hal.o
                0x0000000008002c68                HAL_Init
 .text.HAL_IncTick
                0x0000000008002c8c       0x10 build/Drivers/STM32F3xx_HAL_Driver/Src/stm32f3xx_hal.o
                0x0000000008002c8c                HAL_IncTick
 .text.HAL_GetTick
                0x0000000008002c9c        0xc build/Drivers/STM32F3xx_HAL_Driver/Src/stm32f3xx_hal.o
                0x0000000008002c9c                HAL_GetTick
 .text.HAL_Delay
                0x0000000008002ca8       0x1a build/Drivers/STM32F3xx_HAL_Driver/Src/stm32f3xx_hal.o
                0x0000000008002ca8                HAL_Delay
 *fill*         0x0000000008002cc2        0x2 
 .text.HAL_NVIC_SetPriorityGrouping
                0x0000000008002cc4       0x24 build/Drivers/STM32F3xx_HAL_Driver/Src/stm32f3xx_hal_cortex.o
                0x0000000008002cc4                HAL_NVIC_SetPriorityGrouping
 .text.HAL_NVIC_SetPriority
                0x0000000008002ce8       0x60 build/Drivers/STM32F3xx_HAL_Driver/Src/stm32f3xx_hal_cortex.o
                0x0000000008002ce8                HAL_NVIC_SetPriority
 .text.HAL_NVIC_EnableIRQ
                0x0000000008002d48       0x18 build/Drivers/STM32F3xx_HAL_Driver/Src/stm32f3xx_hal_cortex.o
                0x0000000008002d48                HAL_NVIC_EnableIRQ
 .text.HAL_SYSTICK_Config
                0x0000000008002d60       0x2c build/Drivers/STM32F3xx_HAL_Driver/Src/stm32f3xx_hal_cortex.o
                0x0000000008002d60                HAL_SYSTICK_Config
 .text.HAL_GPIO_Init
                0x0000000008002d8c      0x188 build/Drivers/STM32F3xx_HAL_Driver/Src/stm32f3xx_hal_gpio.o
                0x0000000008002d8c                HAL_GPIO_Init
 .text.HAL_GPIO_ReadPin
                0x0000000008002f14        0xc build/Drivers/STM32F3xx_HAL_Driver/Src/stm32f3xx_hal_gpio.o
                0x0000000008002f14                HAL_GPIO_ReadPin
 .text.HAL_GPIO_WritePin
                0x0000000008002f20        0xa build/Drivers/STM32F3xx_HAL_Driver/Src/stm32f3xx_hal_gpio.o
                0x0000000008002f20                HAL_GPIO_WritePin
 .text.HAL_GPIO_TogglePin
                0x0000000008002f2a        0x8 build/Drivers/STM32F3xx_HAL_Driver/Src/stm32f3xx_hal_gpio.o
                0x0000000008002f2a                HAL_GPIO_TogglePin
 .text.HAL_PCD_Init
                0x0000000008002f32       0x9a build/Drivers/STM32F3xx_HAL_Driver/Src/stm32f3xx_hal_pcd.o
                0x0000000008002f32                HAL_PCD_Init
 .text.HAL_PCD_Start
                0x0000000008002fcc        0xc build/Drivers/STM32F3xx_HAL_Driver/Src/stm32f3xx_hal_pcd.o
                0x0000000008002fcc                HAL_PCD_Start
 .text.HAL_PCD_SetAddress
                0x0000000008002fd8       0x2c build/Drivers/STM32F3xx_HAL_Driver/Src/stm32f3xx_hal_pcd.o
                0x0000000008002fd8                HAL_PCD_SetAddress
 .text.HAL_PCD_EP_Open
                0x0000000008003004      0x338 build/Drivers/STM32F3xx_HAL_Driver/Src/stm32f3xx_hal_pcd.o
                0x0000000008003004                HAL_PCD_EP_Open
 .text.HAL_PCD_EP_Close
                0x000000000800333c      0x1b0 build/Drivers/STM32F3xx_HAL_Driver/Src/stm32f3xx_hal_pcd.o
                0x000000000800333c                HAL_PCD_EP_Close
 .text.HAL_PCD_EP_Receive
                0x00000000080034ec       0xf4 build/Drivers/STM32F3xx_HAL_Driver/Src/stm32f3xx_hal_pcd.o
                0x00000000080034ec                HAL_PCD_EP_Receive
 .text.HAL_PCD_EP_GetRxCount
                0x00000000080035e0       0x10 build/Drivers/STM32F3xx_HAL_Driver/Src/stm32f3xx_hal_pcd.o
                0x00000000080035e0                HAL_PCD_EP_GetRxCount
 .text.HAL_PCD_EP_Transmit
                0x00000000080035f0      0x182 build/Drivers/STM32F3xx_HAL_Driver/Src/stm32f3xx_hal_pcd.o
                0x00000000080035f0                HAL_PCD_EP_Transmit
 .text.HAL_PCD_IRQHandler
                0x0000000008003772      0x4a6 build/Drivers/STM32F3xx_HAL_Driver/Src/stm32f3xx_hal_pcd.o
                0x0000000008003772                HAL_PCD_IRQHandler
 .text.HAL_PCD_EP_SetStall
                0x0000000008003c18       0xa2 build/Drivers/STM32F3xx_HAL_Driver/Src/stm32f3xx_hal_pcd.o
                0x0000000008003c18                HAL_PCD_EP_SetStall
 .text.HAL_PCD_EP_ClrStall
                0x0000000008003cba       0xc8 build/Drivers/STM32F3xx_HAL_Driver/Src/stm32f3xx_hal_pcd.o
                0x0000000008003cba                HAL_PCD_EP_ClrStall
 .text.HAL_PCDEx_PMAConfig
                0x0000000008003d82       0x34 build/Drivers/STM32F3xx_HAL_Driver/Src/stm32f3xx_hal_pcd_ex.o
                0x0000000008003d82                HAL_PCDEx_PMAConfig
 .text.PCD_WritePMA
                0x0000000008003db6       0x2e build/Drivers/STM32F3xx_HAL_Driver/Src/stm32f3xx_hal_pcd_ex.o
                0x0000000008003db6                PCD_WritePMA
 .text.PCD_ReadPMA
                0x0000000008003de4       0x22 build/Drivers/STM32F3xx_HAL_Driver/Src/stm32f3xx_hal_pcd_ex.o
                0x0000000008003de4                PCD_ReadPMA
 .text.HAL_PCDEx_SetConnectionState
                0x0000000008003e06        0x2 build/Drivers/STM32F3xx_HAL_Driver/Src/stm32f3xx_hal_pcd_ex.o
                0x0000000008003e06                HAL_PCDEx_SetConnectionState
 .text.I2C_TransferConfig
                0x0000000008003e08       0x2a build/Drivers/STM32F3xx_HAL_Driver/Src/stm32f3xx_hal_i2c.o
 *fill*         0x0000000008003e32        0x2 
 .text.I2C_IsAcknowledgeFailed
                0x0000000008003e34       0x90 build/Drivers/STM32F3xx_HAL_Driver/Src/stm32f3xx_hal_i2c.o
 .text.I2C_WaitOnFlagUntilTimeout
                0x0000000008003ec4       0x68 build/Drivers/STM32F3xx_HAL_Driver/Src/stm32f3xx_hal_i2c.o
 .text.I2C_WaitOnTXISFlagUntilTimeout
                0x0000000008003f2c       0x54 build/Drivers/STM32F3xx_HAL_Driver/Src/stm32f3xx_hal_i2c.o
 .text.I2C_RequestMemoryWrite
                0x0000000008003f80       0x64 build/Drivers/STM32F3xx_HAL_Driver/Src/stm32f3xx_hal_i2c.o
 .text.I2C_RequestMemoryRead
                0x0000000008003fe4       0x62 build/Drivers/STM32F3xx_HAL_Driver/Src/stm32f3xx_hal_i2c.o
 .text.I2C_WaitOnSTOPFlagUntilTimeout
                0x0000000008004046       0x50 build/Drivers/STM32F3xx_HAL_Driver/Src/stm32f3xx_hal_i2c.o
 .text.HAL_I2C_MspInit
                0x0000000008004096        0x2 build/Drivers/STM32F3xx_HAL_Driver/Src/stm32f3xx_hal_i2c.o
                0x0000000008004096                HAL_I2C_MspInit
 .text.HAL_I2C_Init
                0x0000000008004098       0x90 build/Drivers/STM32F3xx_HAL_Driver/Src/stm32f3xx_hal_i2c.o
                0x0000000008004098                HAL_I2C_Init
 .text.HAL_I2C_MspDeInit
                0x0000000008004128        0x2 build/Drivers/STM32F3xx_HAL_Driver/Src/stm32f3xx_hal_i2c.o
                0x0000000008004128                HAL_I2C_MspDeInit
 .text.HAL_I2C_DeInit
                0x000000000800412a       0x2e build/Drivers/STM32F3xx_HAL_Driver/Src/stm32f3xx_hal_i2c.o
                0x000000000800412a                HAL_I2C_DeInit
 .text.HAL_I2C_Mem_Write
                0x0000000008004158       0xf8 build/Drivers/STM32F3xx_HAL_Driver/Src/stm32f3xx_hal_i2c.o
                0x0000000008004158                HAL_I2C_Mem_Write
 .text.HAL_I2C_Mem_Read
                0x0000000008004250      0x104 build/Drivers/STM32F3xx_HAL_Driver/Src/stm32f3xx_hal_i2c.o
                0x0000000008004250                HAL_I2C_Mem_Read
 .text.HAL_I2C_GetState
                0x0000000008004354        0x6 build/Drivers/STM32F3xx_HAL_Driver/Src/stm32f3xx_hal_i2c.o
                0x0000000008004354                HAL_I2C_GetState
 .text.HAL_ADC_MspInit
                0x000000000800435a        0x2 build/Drivers/STM32F3xx_HAL_Driver/Src/stm32f3xx_hal_adc.o
                0x000000000800435a                HAL_ADC_MspInit
 .text.ADC_ConversionStop
                0x000000000800435c       0xac build/Drivers/STM32F3xx_HAL_Driver/Src/stm32f3xx_hal_adc_ex.o
 .text.ADC_Disable
                0x0000000008004408       0x6c build/Drivers/STM32F3xx_HAL_Driver/Src/stm32f3xx_hal_adc_ex.o
 .text.ADC_Enable
                0x0000000008004474       0x58 build/Drivers/STM32F3xx_HAL_Driver/Src/stm32f3xx_hal_adc_ex.o
 .text.HAL_ADC_Init
                0x00000000080044cc      0x1cc build/Drivers/STM32F3xx_HAL_Driver/Src/stm32f3xx_hal_adc_ex.o
                0x00000000080044cc                HAL_ADC_Init
 .text.HAL_ADC_Start
                0x0000000008004698       0x84 build/Drivers/STM32F3xx_HAL_Driver/Src/stm32f3xx_hal_adc_ex.o
                0x0000000008004698                HAL_ADC_Start
 .text.HAL_ADC_Stop
                0x000000000800471c       0x36 build/Drivers/STM32F3xx_HAL_Driver/Src/stm32f3xx_hal_adc_ex.o
                0x000000000800471c                HAL_ADC_Stop
 .text.HAL_ADC_PollForConversion
                0x0000000008004752       0x6c build/Drivers/STM32F3xx_HAL_Driver/Src/stm32f3xx_hal_adc_ex.o
                0x0000000008004752                HAL_ADC_PollForConversion
 .text.HAL_ADC_GetValue
                0x00000000080047be        0xa build/Drivers/STM32F3xx_HAL_Driver/Src/stm32f3xx_hal_adc_ex.o
                0x00000000080047be                HAL_ADC_GetValue
 .text.HAL_ADC_ConfigChannel
                0x00000000080047c8      0x304 build/Drivers/STM32F3xx_HAL_Driver/Src/stm32f3xx_hal_adc_ex.o
                0x00000000080047c8                HAL_ADC_ConfigChannel
 .text.SPI_WaitFlagStateUntilTimeout
                0x0000000008004acc       0x8c build/Drivers/STM32F3xx_HAL_Driver/Src/stm32f3xx_hal_spi.o
 .text.SPI_WaitFifoStateUntilTimeout
                0x0000000008004b58       0x9c build/Drivers/STM32F3xx_HAL_Driver/Src/stm32f3xx_hal_spi.o
 .text.SPI_EndRxTxTransaction
                0x0000000008004bf4       0x42 build/Drivers/STM32F3xx_HAL_Driver/Src/stm32f3xx_hal_spi.o
 .text.HAL_SPI_MspInit
                0x0000000008004c36        0x2 build/Drivers/STM32F3xx_HAL_Driver/Src/stm32f3xx_hal_spi.o
                0x0000000008004c36                HAL_SPI_MspInit
 .text.HAL_SPI_Init
                0x0000000008004c38       0xa6 build/Drivers/STM32F3xx_HAL_Driver/Src/stm32f3xx_hal_spi.o
                0x0000000008004c38                HAL_SPI_Init
 .text.HAL_SPI_MspDeInit
                0x0000000008004cde        0x2 build/Drivers/STM32F3xx_HAL_Driver/Src/stm32f3xx_hal_spi.o
                0x0000000008004cde                HAL_SPI_MspDeInit
 .text.HAL_SPI_DeInit
                0x0000000008004ce0       0x2e build/Drivers/STM32F3xx_HAL_Driver/Src/stm32f3xx_hal_spi.o
                0x0000000008004ce0                HAL_SPI_DeInit
 .text.HAL_SPI_TransmitReceive
                0x0000000008004d0e      0x29a build/Drivers/STM32F3xx_HAL_Driver/Src/stm32f3xx_hal_spi.o
                0x0000000008004d0e                HAL_SPI_TransmitReceive
 .text.HAL_SPI_GetState
                0x0000000008004fa8        0x6 build/Drivers/STM32F3xx_HAL_Driver/Src/stm32f3xx_hal_spi.o
                0x0000000008004fa8                HAL_SPI_GetState
 .text.USBD_Init
                0x0000000008004fae       0x2a build/Drivers/STM32_USB_Device_Library/Core/Src/usbd_core.o
                0x0000000008004fae                USBD_Init
 .text.USBD_RegisterClass
                0x0000000008004fd8        0xe build/Drivers/STM32_USB_Device_Library/Core/Src/usbd_core.o
                0x0000000008004fd8                USBD_RegisterClass
 .text.USBD_Start
                0x0000000008004fe6        0xa build/Drivers/STM32_USB_Device_Library/Core/Src/usbd_core.o
                0x0000000008004fe6                USBD_Start
 .text.USBD_SetClassConfig
                0x0000000008004ff0       0x16 build/Drivers/STM32_USB_Device_Library/Core/Src/usbd_core.o
                0x0000000008004ff0                USBD_SetClassConfig
 .text.USBD_ClrClassConfig
                0x0000000008005006        0xe build/Drivers/STM32_USB_Device_Library/Core/Src/usbd_core.o
                0x0000000008005006                USBD_ClrClassConfig
 .text.USBD_LL_SetupStage
                0x0000000008005014       0x5a build/Drivers/STM32_USB_Device_Library/Core/Src/usbd_core.o
                0x0000000008005014                USBD_LL_SetupStage
 .text.USBD_LL_DataOutStage
                0x000000000800506e       0x60 build/Drivers/STM32_USB_Device_Library/Core/Src/usbd_core.o
                0x000000000800506e                USBD_LL_DataOutStage
 .text.USBD_LL_DataInStage
                0x00000000080050ce       0x88 build/Drivers/STM32_USB_Device_Library/Core/Src/usbd_core.o
                0x00000000080050ce                USBD_LL_DataInStage
 .text.USBD_LL_Reset
                0x0000000008005156       0x3e build/Drivers/STM32_USB_Device_Library/Core/Src/usbd_core.o
                0x0000000008005156                USBD_LL_Reset
 .text.USBD_LL_SetSpeed
                0x0000000008005194        0x6 build/Drivers/STM32_USB_Device_Library/Core/Src/usbd_core.o
                0x0000000008005194                USBD_LL_SetSpeed
 .text.USBD_LL_SOF
                0x000000000800519a       0x18 build/Drivers/STM32_USB_Device_Library/Core/Src/usbd_core.o
                0x000000000800519a                USBD_LL_SOF
 .text.USBD_ParseSetupRequest
                0x00000000080051b2       0x28 build/Drivers/STM32_USB_Device_Library/Core/Src/usbd_ctlreq.o
                0x00000000080051b2                USBD_ParseSetupRequest
 .text.USBD_CtlError
                0x00000000080051da       0x16 build/Drivers/STM32_USB_Device_Library/Core/Src/usbd_ctlreq.o
                0x00000000080051da                USBD_CtlError
 .text.USBD_StdDevReq
                0x00000000080051f0      0x218 build/Drivers/STM32_USB_Device_Library/Core/Src/usbd_ctlreq.o
                0x00000000080051f0                USBD_StdDevReq
 .text.USBD_StdItfReq
                0x0000000008005408       0x30 build/Drivers/STM32_USB_Device_Library/Core/Src/usbd_ctlreq.o
                0x0000000008005408                USBD_StdItfReq
 .text.USBD_StdEPReq
                0x0000000008005438       0xb2 build/Drivers/STM32_USB_Device_Library/Core/Src/usbd_ctlreq.o
                0x0000000008005438                USBD_StdEPReq
 .text.USBD_GetString
                0x00000000080054ea       0x3a build/Drivers/STM32_USB_Device_Library/Core/Src/usbd_ctlreq.o
                0x00000000080054ea                USBD_GetString
 .text.USBD_CtlSendData
                0x0000000008005524       0x1c build/Drivers/STM32_USB_Device_Library/Core/Src/usbd_ioreq.o
                0x0000000008005524                USBD_CtlSendData
 .text.USBD_CtlContinueSendData
                0x0000000008005540       0x12 build/Drivers/STM32_USB_Device_Library/Core/Src/usbd_ioreq.o
                0x0000000008005540                USBD_CtlContinueSendData
 .text.USBD_CtlPrepareRx
                0x0000000008005552       0x20 build/Drivers/STM32_USB_Device_Library/Core/Src/usbd_ioreq.o
                0x0000000008005552                USBD_CtlPrepareRx
 .text.USBD_CtlContinueRx
                0x0000000008005572       0x12 build/Drivers/STM32_USB_Device_Library/Core/Src/usbd_ioreq.o
                0x0000000008005572                USBD_CtlContinueRx
 .text.USBD_CtlSendStatus
                0x0000000008005584       0x16 build/Drivers/STM32_USB_Device_Library/Core/Src/usbd_ioreq.o
                0x0000000008005584                USBD_CtlSendStatus
 .text.USBD_CtlReceiveStatus
                0x000000000800559a       0x16 build/Drivers/STM32_USB_Device_Library/Core/Src/usbd_ioreq.o
                0x000000000800559a                USBD_CtlReceiveStatus
 .text.USBD_CDC_DataIn
                0x00000000080055b0       0x12 build/Drivers/STM32_USB_Device_Library/Class/CDC/Src/usbd_cdc.o
 .text.USBD_CDC_EP0_RxReady
                0x00000000080055c2       0x28 build/Drivers/STM32_USB_Device_Library/Class/CDC/Src/usbd_cdc.o
 *fill*         0x00000000080055ea        0x2 
 .text.USBD_CDC_GetFSCfgDesc
                0x00000000080055ec        0xc build/Drivers/STM32_USB_Device_Library/Class/CDC/Src/usbd_cdc.o
 .text.USBD_CDC_GetHSCfgDesc
                0x00000000080055f8        0xc build/Drivers/STM32_USB_Device_Library/Class/CDC/Src/usbd_cdc.o
 .text.USBD_CDC_GetOtherSpeedCfgDesc
                0x0000000008005604        0xc build/Drivers/STM32_USB_Device_Library/Class/CDC/Src/usbd_cdc.o
 .text.USBD_CDC_GetDeviceQualifierDescriptor
                0x0000000008005610        0xc build/Drivers/STM32_USB_Device_Library/Class/CDC/Src/usbd_cdc.o
                0x0000000008005610                USBD_CDC_GetDeviceQualifierDescriptor
 .text.USBD_CDC_DataOut
                0x000000000800561c       0x2e build/Drivers/STM32_USB_Device_Library/Class/CDC/Src/usbd_cdc.o
 .text.USBD_CDC_Setup
                0x000000000800564a       0x5a build/Drivers/STM32_USB_Device_Library/Class/CDC/Src/usbd_cdc.o
 .text.USBD_CDC_DeInit
                0x00000000080056a4       0x3a build/Drivers/STM32_USB_Device_Library/Class/CDC/Src/usbd_cdc.o
 .text.USBD_CDC_Init
                0x00000000080056de       0x86 build/Drivers/STM32_USB_Device_Library/Class/CDC/Src/usbd_cdc.o
 .text.USBD_CDC_RegisterInterface
                0x0000000008005764        0xe build/Drivers/STM32_USB_Device_Library/Class/CDC/Src/usbd_cdc.o
                0x0000000008005764                USBD_CDC_RegisterInterface
 .text.USBD_CDC_SetTxBuffer
                0x0000000008005772       0x10 build/Drivers/STM32_USB_Device_Library/Class/CDC/Src/usbd_cdc.o
                0x0000000008005772                USBD_CDC_SetTxBuffer
 .text.USBD_CDC_SetRxBuffer
                0x0000000008005782        0xc build/Drivers/STM32_USB_Device_Library/Class/CDC/Src/usbd_cdc.o
                0x0000000008005782                USBD_CDC_SetRxBuffer
 .text.USBD_CDC_TransmitPacket
                0x000000000800578e       0x2e build/Drivers/STM32_USB_Device_Library/Class/CDC/Src/usbd_cdc.o
                0x000000000800578e                USBD_CDC_TransmitPacket
 .text.USBD_CDC_ReceivePacket
                0x00000000080057bc       0x26 build/Drivers/STM32_USB_Device_Library/Class/CDC/Src/usbd_cdc.o
                0x00000000080057bc                USBD_CDC_ReceivePacket
 *fill*         0x00000000080057e2        0x2 
 .text.HAL_PCD_MspInit
                0x00000000080057e4       0x9c build/usbd_conf.o
                0x00000000080057e4                HAL_PCD_MspInit
 .text.HAL_PCD_SetupStageCallback
                0x0000000008005880        0xe build/usbd_conf.o
                0x0000000008005880                HAL_PCD_SetupStageCallback
 .text.HAL_PCD_DataOutStageCallback
                0x000000000800588e       0x12 build/usbd_conf.o
                0x000000000800588e                HAL_PCD_DataOutStageCallback
 .text.HAL_PCD_DataInStageCallback
                0x00000000080058a0       0x10 build/usbd_conf.o
                0x00000000080058a0                HAL_PCD_DataInStageCallback
 .text.HAL_PCD_SOFCallback
                0x00000000080058b0        0x8 build/usbd_conf.o
                0x00000000080058b0                HAL_PCD_SOFCallback
 .text.HAL_PCD_ResetCallback
                0x00000000080058b8       0x1a build/usbd_conf.o
                0x00000000080058b8                HAL_PCD_ResetCallback
 .text.HAL_PCD_SuspendCallback
                0x00000000080058d2        0x2 build/usbd_conf.o
                0x00000000080058d2                HAL_PCD_SuspendCallback
 .text.HAL_PCD_ResumeCallback
                0x00000000080058d4        0x2 build/usbd_conf.o
                0x00000000080058d4                HAL_PCD_ResumeCallback
 *fill*         0x00000000080058d6        0x2 
 .text.USBD_LL_Init
                0x00000000080058d8       0x7c build/usbd_conf.o
                0x00000000080058d8                USBD_LL_Init
 .text.USBD_LL_Start
                0x0000000008005954        0xe build/usbd_conf.o
                0x0000000008005954                USBD_LL_Start
 .text.USBD_LL_OpenEP
                0x0000000008005962       0x14 build/usbd_conf.o
                0x0000000008005962                USBD_LL_OpenEP
 .text.USBD_LL_CloseEP
                0x0000000008005976        0xe build/usbd_conf.o
                0x0000000008005976                USBD_LL_CloseEP
 .text.USBD_LL_StallEP
                0x0000000008005984        0xe build/usbd_conf.o
                0x0000000008005984                USBD_LL_StallEP
 .text.USBD_LL_ClearStallEP
                0x0000000008005992        0xe build/usbd_conf.o
                0x0000000008005992                USBD_LL_ClearStallEP
 .text.USBD_LL_IsStallEP
                0x00000000080059a0       0x26 build/usbd_conf.o
                0x00000000080059a0                USBD_LL_IsStallEP
 .text.USBD_LL_SetUSBAddress
                0x00000000080059c6        0xe build/usbd_conf.o
                0x00000000080059c6                USBD_LL_SetUSBAddress
 .text.USBD_LL_Transmit
                0x00000000080059d4        0xe build/usbd_conf.o
                0x00000000080059d4                USBD_LL_Transmit
 .text.USBD_LL_PrepareReceive
                0x00000000080059e2        0xe build/usbd_conf.o
                0x00000000080059e2                USBD_LL_PrepareReceive
 .text.USBD_LL_GetRxDataSize
                0x00000000080059f0        0xc build/usbd_conf.o
                0x00000000080059f0                USBD_LL_GetRxDataSize
 .text.USBD_static_malloc
                0x00000000080059fc        0x8 build/usbd_conf.o
                0x00000000080059fc                USBD_static_malloc
 .text.USBD_static_free
                0x0000000008005a04        0x2 build/usbd_conf.o
                0x0000000008005a04                USBD_static_free
 *fill*         0x0000000008005a06        0x2 
 .text.USBD_VCP_DeviceDescriptor
                0x0000000008005a08        0xc build/usbd_desc.o
                0x0000000008005a08                USBD_VCP_DeviceDescriptor
 .text.USBD_VCP_LangIDStrDescriptor
                0x0000000008005a14        0xc build/usbd_desc.o
                0x0000000008005a14                USBD_VCP_LangIDStrDescriptor
 .text.IntToUnicode
                0x0000000008005a20       0x28 build/usbd_desc.o
 .text.USBD_VCP_SerialStrDescriptor
                0x0000000008005a48       0x40 build/usbd_desc.o
                0x0000000008005a48                USBD_VCP_SerialStrDescriptor
 .text.USBD_VCP_ProductStrDescriptor
                0x0000000008005a88       0x1c build/usbd_desc.o
                0x0000000008005a88                USBD_VCP_ProductStrDescriptor
 .text.USBD_VCP_ManufacturerStrDescriptor
                0x0000000008005aa4       0x1c build/usbd_desc.o
                0x0000000008005aa4                USBD_VCP_ManufacturerStrDescriptor
 .text.USBD_VCP_ConfigStrDescriptor
                0x0000000008005ac0       0x1c build/usbd_desc.o
                0x0000000008005ac0                USBD_VCP_ConfigStrDescriptor
 .text.USBD_VCP_InterfaceStrDescriptor
                0x0000000008005adc       0x1c build/usbd_desc.o
                0x0000000008005adc                USBD_VCP_InterfaceStrDescriptor
 .text.CDC_Itf_DeInit
                0x0000000008005af8        0x4 build/usbd_cdc_interface.o
 .text.CDC_Itf_Receive
                0x0000000008005afc       0x20 build/usbd_cdc_interface.o
 .text.CDC_Itf_Init
                0x0000000008005b1c       0x18 build/usbd_cdc_interface.o
 .text.CDC_Itf_Control
                0x0000000008005b34       0x58 build/usbd_cdc_interface.o
 .text.SPIx_Init
                0x0000000008005b8c       0x80 build/Drivers/BSP/STM32F3-Discovery/stm32f3_discovery.o
 .text.SPIx_WriteRead
                0x0000000008005c0c       0x40 build/Drivers/BSP/STM32F3-Discovery/stm32f3_discovery.o
 .text.I2Cx_Init
                0x0000000008005c4c       0x6c build/Drivers/BSP/STM32F3-Discovery/stm32f3_discovery.o
 .text.BSP_LED_Init
                0x0000000008005cb8       0x68 build/Drivers/BSP/STM32F3-Discovery/stm32f3_discovery.o
                0x0000000008005cb8                BSP_LED_Init
 .text.BSP_LED_On
                0x0000000008005d20       0x1c build/Drivers/BSP/STM32F3-Discovery/stm32f3_discovery.o
                0x0000000008005d20                BSP_LED_On
 .text.BSP_LED_Off
                0x0000000008005d3c       0x1c build/Drivers/BSP/STM32F3-Discovery/stm32f3_discovery.o
                0x0000000008005d3c                BSP_LED_Off
 .text.BSP_LED_Toggle
                0x0000000008005d58       0x1c build/Drivers/BSP/STM32F3-Discovery/stm32f3_discovery.o
                0x0000000008005d58                BSP_LED_Toggle
 .text.BSP_PB_Init
                0x0000000008005d74       0x74 build/Drivers/BSP/STM32F3-Discovery/stm32f3_discovery.o
                0x0000000008005d74                BSP_PB_Init
 .text.BSP_PB_GetState
                0x0000000008005de8       0x14 build/Drivers/BSP/STM32F3-Discovery/stm32f3_discovery.o
                0x0000000008005de8                BSP_PB_GetState
 .text.GYRO_IO_Init
                0x0000000008005dfc       0x68 build/Drivers/BSP/STM32F3-Discovery/stm32f3_discovery.o
                0x0000000008005dfc                GYRO_IO_Init
 .text.GYRO_IO_Write
                0x0000000008005e64       0x44 build/Drivers/BSP/STM32F3-Discovery/stm32f3_discovery.o
                0x0000000008005e64                GYRO_IO_Write
 .text.GYRO_IO_Read
                0x0000000008005ea8       0x48 build/Drivers/BSP/STM32F3-Discovery/stm32f3_discovery.o
                0x0000000008005ea8                GYRO_IO_Read
 .text.COMPASSACCELERO_IO_Init
                0x0000000008005ef0       0x64 build/Drivers/BSP/STM32F3-Discovery/stm32f3_discovery.o
                0x0000000008005ef0                COMPASSACCELERO_IO_Init
 .text.COMPASSACCELERO_IO_ITConfig
                0x0000000008005f54       0x48 build/Drivers/BSP/STM32F3-Discovery/stm32f3_discovery.o
                0x0000000008005f54                COMPASSACCELERO_IO_ITConfig
 .text.COMPASSACCELERO_IO_Write
                0x0000000008005f9c       0x3c build/Drivers/BSP/STM32F3-Discovery/stm32f3_discovery.o
                0x0000000008005f9c                COMPASSACCELERO_IO_Write
 .text.COMPASSACCELERO_IO_Read
                0x0000000008005fd8       0x40 build/Drivers/BSP/STM32F3-Discovery/stm32f3_discovery.o
                0x0000000008005fd8                COMPASSACCELERO_IO_Read
 .text.BSP_ACCELERO_Init
                0x0000000008006018       0x30 build/Drivers/BSP/STM32F3-Discovery/stm32f3_discovery_accelerometer.o
                0x0000000008006018                BSP_ACCELERO_Init
 .text.BSP_ACCELERO_GetXYZ
                0x0000000008006048       0x10 build/Drivers/BSP/STM32F3-Discovery/stm32f3_discovery_accelerometer.o
                0x0000000008006048                BSP_ACCELERO_GetXYZ
 .text.BSP_GYRO_Init
                0x0000000008006058       0x44 build/Drivers/BSP/STM32F3-Discovery/stm32f3_discovery_gyroscope.o
                0x0000000008006058                BSP_GYRO_Init
 .text.BSP_GYRO_GetXYZ
                0x000000000800609c       0x10 build/Drivers/BSP/STM32F3-Discovery/stm32f3_discovery_gyroscope.o
                0x000000000800609c                BSP_GYRO_GetXYZ
 .text.LSM303DLHC_AccInit
                0x00000000080060ac       0x20 build/Drivers/BSP/Components/lsm303dlhc/lsm303dlhc.o
                0x00000000080060ac                LSM303DLHC_AccInit
 .text.LSM303DLHC_AccReadID
                0x00000000080060cc       0x12 build/Drivers/BSP/Components/lsm303dlhc/lsm303dlhc.o
                0x00000000080060cc                LSM303DLHC_AccReadID
 .text.LSM303DLHC_AccRebootCmd
                0x00000000080060de       0x1c build/Drivers/BSP/Components/lsm303dlhc/lsm303dlhc.o
                0x00000000080060de                LSM303DLHC_AccRebootCmd
 .text.LSM303DLHC_AccFilterConfig
                0x00000000080060fa       0x1e build/Drivers/BSP/Components/lsm303dlhc/lsm303dlhc.o
                0x00000000080060fa                LSM303DLHC_AccFilterConfig
 .text.LSM303DLHC_AccFilterCmd
                0x0000000008006118       0x1e build/Drivers/BSP/Components/lsm303dlhc/lsm303dlhc.o
                0x0000000008006118                LSM303DLHC_AccFilterCmd
 .text.LSM303DLHC_AccReadXYZ
                0x0000000008006136       0xe6 build/Drivers/BSP/Components/lsm303dlhc/lsm303dlhc.o
                0x0000000008006136                LSM303DLHC_AccReadXYZ
 .text.LSM303DLHC_AccFilterClickCmd
                0x000000000800621c       0x1e build/Drivers/BSP/Components/lsm303dlhc/lsm303dlhc.o
                0x000000000800621c                LSM303DLHC_AccFilterClickCmd
 .text.LSM303DLHC_AccIT1Enable
                0x000000000800623a       0x1e build/Drivers/BSP/Components/lsm303dlhc/lsm303dlhc.o
                0x000000000800623a                LSM303DLHC_AccIT1Enable
 .text.LSM303DLHC_AccClickITEnable
                0x0000000008006258       0x46 build/Drivers/BSP/Components/lsm303dlhc/lsm303dlhc.o
                0x0000000008006258                LSM303DLHC_AccClickITEnable
 .text.LSM303DLHC_AccZClickITConfig
                0x000000000800629e       0x1c build/Drivers/BSP/Components/lsm303dlhc/lsm303dlhc.o
                0x000000000800629e                LSM303DLHC_AccZClickITConfig
 .text.L3GD20_Init
                0x00000000080062ba       0x32 build/Drivers/BSP/Components/l3gd20/l3gd20.o
                0x00000000080062ba                L3GD20_Init
 .text.L3GD20_ReadID
                0x00000000080062ec       0x1c build/Drivers/BSP/Components/l3gd20/l3gd20.o
                0x00000000080062ec                L3GD20_ReadID
 .text.L3GD20_RebootCmd
                0x0000000008006308       0x2c build/Drivers/BSP/Components/l3gd20/l3gd20.o
                0x0000000008006308                L3GD20_RebootCmd
 .text.L3GD20_INT1InterruptConfig
                0x0000000008006334       0x5c build/Drivers/BSP/Components/l3gd20/l3gd20.o
                0x0000000008006334                L3GD20_INT1InterruptConfig
 .text.L3GD20_EnableIT
                0x0000000008006390       0x40 build/Drivers/BSP/Components/l3gd20/l3gd20.o
                0x0000000008006390                L3GD20_EnableIT
 .text.L3GD20_DisableIT
                0x00000000080063d0       0x3c build/Drivers/BSP/Components/l3gd20/l3gd20.o
                0x00000000080063d0                L3GD20_DisableIT
 .text.L3GD20_FilterConfig
                0x000000000800640c       0x2e build/Drivers/BSP/Components/l3gd20/l3gd20.o
                0x000000000800640c                L3GD20_FilterConfig
 .text.L3GD20_FilterCmd
                0x000000000800643a       0x2e build/Drivers/BSP/Components/l3gd20/l3gd20.o
                0x000000000800643a                L3GD20_FilterCmd
 .text.L3GD20_ReadXYZAngRate
                0x0000000008006468       0xd8 build/Drivers/BSP/Components/l3gd20/l3gd20.o
                0x0000000008006468                L3GD20_ReadXYZAngRate
 .text.Reset_Handler
                0x0000000008006540       0x50 build/Drivers/CMSIS/Device/ST/STM32F3xx/Source/Templates/gcc/startup_stm32f303xc.o
                0x0000000008006540                Reset_Handler
 .text.Default_Handler
                0x0000000008006590        0x2 build/Drivers/CMSIS/Device/ST/STM32F3xx/Source/Templates/gcc/startup_stm32f303xc.o
                0x0000000008006590                RTC_Alarm_IRQHandler
                0x0000000008006590                TIM8_TRG_COM_IRQHandler
                0x0000000008006590                TIM8_CC_IRQHandler
                0x0000000008006590                DebugMon_Handler
                0x0000000008006590                TIM1_CC_IRQHandler
                0x0000000008006590                HardFault_Handler
                0x0000000008006590                USB_HP_IRQHandler
                0x0000000008006590                PVD_IRQHandler
                0x0000000008006590                TAMP_STAMP_IRQHandler
                0x0000000008006590                PendSV_Handler
                0x0000000008006590                NMI_Handler
                0x0000000008006590                EXTI3_IRQHandler
                0x0000000008006590                USB_HP_CAN_TX_IRQHandler
                0x0000000008006590                EXTI0_IRQHandler
                0x0000000008006590                I2C2_EV_IRQHandler
                0x0000000008006590                FPU_IRQHandler
                0x0000000008006590                TIM1_UP_TIM16_IRQHandler
                0x0000000008006590                UsageFault_Handler
                0x0000000008006590                ADC1_2_IRQHandler
                0x0000000008006590                SPI1_IRQHandler
                0x0000000008006590                CAN_SCE_IRQHandler
                0x0000000008006590                TIM6_DAC_IRQHandler
                0x0000000008006590                TIM8_UP_IRQHandler
                0x0000000008006590                DMA2_Channel2_IRQHandler
                0x0000000008006590                DMA1_Channel4_IRQHandler
                0x0000000008006590                USART3_IRQHandler
                0x0000000008006590                DMA1_Channel7_IRQHandler
                0x0000000008006590                UART5_IRQHandler
                0x0000000008006590                ADC3_IRQHandler
                0x0000000008006590                TIM4_IRQHandler
                0x0000000008006590                CAN_RX1_IRQHandler
                0x0000000008006590                DMA2_Channel1_IRQHandler
                0x0000000008006590                I2C1_EV_IRQHandler
                0x0000000008006590                DMA1_Channel6_IRQHandler
                0x0000000008006590                UART4_IRQHandler
                0x0000000008006590                DMA2_Channel4_IRQHandler
                0x0000000008006590                TIM3_IRQHandler
                0x0000000008006590                RCC_IRQHandler
                0x0000000008006590                DMA1_Channel1_IRQHandler
                0x0000000008006590                Default_Handler
                0x0000000008006590                USBWakeUp_RMP_IRQHandler
                0x0000000008006590                EXTI15_10_IRQHandler
                0x0000000008006590                TIM7_IRQHandler
                0x0000000008006590                EXTI9_5_IRQHandler
                0x0000000008006590                RTC_WKUP_IRQHandler
                0x0000000008006590                SPI2_IRQHandler
                0x0000000008006590                MemManage_Handler
                0x0000000008006590                SVC_Handler
                0x0000000008006590                DMA2_Channel5_IRQHandler
                0x0000000008006590                DMA1_Channel5_IRQHandler
                0x0000000008006590                USB_LP_IRQHandler
                0x0000000008006590                EXTI4_IRQHandler
                0x0000000008006590                TIM1_TRG_COM_TIM17_IRQHandler
                0x0000000008006590                DMA1_Channel3_IRQHandler
                0x0000000008006590                ADC4_IRQHandler
                0x0000000008006590                WWDG_IRQHandler
                0x0000000008006590                TIM2_IRQHandler
                0x0000000008006590                COMP7_IRQHandler
                0x0000000008006590                COMP1_2_3_IRQHandler
                0x0000000008006590                EXTI1_IRQHandler
                0x0000000008006590                USART2_IRQHandler
                0x0000000008006590                COMP4_5_6_IRQHandler
                0x0000000008006590                I2C2_ER_IRQHandler
                0x0000000008006590                DMA1_Channel2_IRQHandler
                0x0000000008006590                TIM8_BRK_IRQHandler
                0x0000000008006590                FLASH_IRQHandler
                0x0000000008006590                BusFault_Handler
                0x0000000008006590                USART1_IRQHandler
                0x0000000008006590                SPI3_IRQHandler
                0x0000000008006590                I2C1_ER_IRQHandler
                0x0000000008006590                USBWakeUp_IRQHandler
                0x0000000008006590                DMA2_Channel3_IRQHandler
                0x0000000008006590                EXTI2_TSC_IRQHandler
                0x0000000008006590                TIM1_BRK_TIM15_IRQHandler
 *fill*         0x0000000008006592        0x2 
 .text.atexit   0x0000000008006594        0xc /usr/lib/gcc/arm-none-eabi/4.9.3/../../../arm-none-eabi/lib/armv7e-m/fpu/libg.a(lib_a-atexit.o)
                0x0000000008006594                atexit
 .text.__errno  0x00000000080065a0        0xc /usr/lib/gcc/arm-none-eabi/4.9.3/../../../arm-none-eabi/lib/armv7e-m/fpu/libg.a(lib_a-errno.o)
                0x00000000080065a0                __errno
 .text.__libc_fini_array
                0x00000000080065ac       0x2c /usr/lib/gcc/arm-none-eabi/4.9.3/../../../arm-none-eabi/lib/armv7e-m/fpu/libg.a(lib_a-fini.o)
                0x00000000080065ac                __libc_fini_array
 .text.__libc_init_array
                0x00000000080065d8       0x50 /usr/lib/gcc/arm-none-eabi/4.9.3/../../../arm-none-eabi/lib/armv7e-m/fpu/libg.a(lib_a-init.o)
                0x00000000080065d8                __libc_init_array
 .text.memset   0x0000000008006628       0x9c /usr/lib/gcc/arm-none-eabi/4.9.3/../../../arm-none-eabi/lib/armv7e-m/fpu/libg.a(lib_a-memset.o)
                0x0000000008006628                memset
 .text.printf   0x00000000080066c4       0x28 /usr/lib/gcc/arm-none-eabi/4.9.3/../../../arm-none-eabi/lib/armv7e-m/fpu/libg.a(lib_a-printf.o)
                0x00000000080066c4                printf
 .text.putchar  0x00000000080066ec       0x14 /usr/lib/gcc/arm-none-eabi/4.9.3/../../../arm-none-eabi/lib/armv7e-m/fpu/libg.a(lib_a-putchar.o)
                0x00000000080066ec                putchar
 .text._puts_r  0x0000000008006700       0x64 /usr/lib/gcc/arm-none-eabi/4.9.3/../../../arm-none-eabi/lib/armv7e-m/fpu/libg.a(lib_a-puts.o)
                0x0000000008006700                _puts_r
 .text.puts     0x0000000008006764       0x10 /usr/lib/gcc/arm-none-eabi/4.9.3/../../../arm-none-eabi/lib/armv7e-m/fpu/libg.a(lib_a-puts.o)
                0x0000000008006764                puts
 .text.setvbuf  0x0000000008006774       0xf8 /usr/lib/gcc/arm-none-eabi/4.9.3/../../../arm-none-eabi/lib/armv7e-m/fpu/libg.a(lib_a-setvbuf.o)
                0x0000000008006774                setvbuf
 .text.strcasecmp
                0x000000000800686c       0x44 /usr/lib/gcc/arm-none-eabi/4.9.3/../../../arm-none-eabi/lib/armv7e-m/fpu/libg.a(lib_a-strcasecmp.o)
                0x000000000800686c                strcasecmp
 .text.strcpy   0x00000000080068b0       0xbc /usr/lib/gcc/arm-none-eabi/4.9.3/../../../arm-none-eabi/lib/armv7e-m/fpu/libg.a(lib_a-strcpy.o)
                0x00000000080068b0                strcpy
 .text.strlen   0x000000000800696c       0x5c /usr/lib/gcc/arm-none-eabi/4.9.3/../../../arm-none-eabi/lib/armv7e-m/fpu/libg.a(lib_a-strlen.o)
                0x000000000800696c                strlen
 .text.strtok   0x00000000080069c8       0x10 /usr/lib/gcc/arm-none-eabi/4.9.3/../../../arm-none-eabi/lib/armv7e-m/fpu/libg.a(lib_a-strtok.o)
                0x00000000080069c8                strtok
 .text.__strtok_r
                0x00000000080069d8       0x64 /usr/lib/gcc/arm-none-eabi/4.9.3/../../../arm-none-eabi/lib/armv7e-m/fpu/libg.a(lib_a-strtok_r.o)
                0x00000000080069d8                __strtok_r
 .text._strtoul_r
                0x0000000008006a3c      0x128 /usr/lib/gcc/arm-none-eabi/4.9.3/../../../arm-none-eabi/lib/armv7e-m/fpu/libg.a(lib_a-strtoul.o)
                0x0000000008006a3c                _strtoul_r
 .text.strtoul  0x0000000008006b64       0x18 /usr/lib/gcc/arm-none-eabi/4.9.3/../../../arm-none-eabi/lib/armv7e-m/fpu/libg.a(lib_a-strtoul.o)
                0x0000000008006b64                strtoul
 *fill*         0x0000000008006b7c        0x4 
 .text._vfprintf_r
                0x0000000008006b80     0x1428 /usr/lib/gcc/arm-none-eabi/4.9.3/../../../arm-none-eabi/lib/armv7e-m/fpu/libg.a(lib_a-vfprintf.o)
                0x0000000008006b80                _vfprintf_r
 .text.__sbprintf
                0x0000000008007fa8       0x78 /usr/lib/gcc/arm-none-eabi/4.9.3/../../../arm-none-eabi/lib/armv7e-m/fpu/libg.a(lib_a-vfprintf.o)
 .text.__swsetup_r
                0x0000000008008020       0xc4 /usr/lib/gcc/arm-none-eabi/4.9.3/../../../arm-none-eabi/lib/armv7e-m/fpu/libg.a(lib_a-wsetup.o)
                0x0000000008008020                __swsetup_r
 .text.__register_exitproc
                0x00000000080080e4       0xa4 /usr/lib/gcc/arm-none-eabi/4.9.3/../../../arm-none-eabi/lib/armv7e-m/fpu/libg.a(lib_a-__atexit.o)
                0x00000000080080e4                __register_exitproc
 .text.startup.register_fini
                0x0000000008008188       0x14 /usr/lib/gcc/arm-none-eabi/4.9.3/../../../arm-none-eabi/lib/armv7e-m/fpu/libg.a(lib_a-__call_atexit.o)
 .text.quorem   0x000000000800819c      0x12c /usr/lib/gcc/arm-none-eabi/4.9.3/../../../arm-none-eabi/lib/armv7e-m/fpu/libg.a(lib_a-dtoa.o)
 .text._dtoa_r  0x00000000080082c8      0xea8 /usr/lib/gcc/arm-none-eabi/4.9.3/../../../arm-none-eabi/lib/armv7e-m/fpu/libg.a(lib_a-dtoa.o)
                0x00000000080082c8                _dtoa_r
 .text.__sflush_r
                0x0000000008009170      0x154 /usr/lib/gcc/arm-none-eabi/4.9.3/../../../arm-none-eabi/lib/armv7e-m/fpu/libg.a(lib_a-fflush.o)
                0x0000000008009170                __sflush_r
 .text._fflush_r
                0x00000000080092c4       0x2c /usr/lib/gcc/arm-none-eabi/4.9.3/../../../arm-none-eabi/lib/armv7e-m/fpu/libg.a(lib_a-fflush.o)
                0x00000000080092c4                _fflush_r
 .text._cleanup_r
                0x00000000080092f0        0xc /usr/lib/gcc/arm-none-eabi/4.9.3/../../../arm-none-eabi/lib/armv7e-m/fpu/libg.a(lib_a-findfp.o)
                0x00000000080092f0                _cleanup_r
 .text.__sinit.part.1
                0x00000000080092fc       0xf0 /usr/lib/gcc/arm-none-eabi/4.9.3/../../../arm-none-eabi/lib/armv7e-m/fpu/libg.a(lib_a-findfp.o)
 .text.__sinit  0x00000000080093ec        0xc /usr/lib/gcc/arm-none-eabi/4.9.3/../../../arm-none-eabi/lib/armv7e-m/fpu/libg.a(lib_a-findfp.o)
                0x00000000080093ec                __sinit
 .text.__sfp_lock_acquire
                0x00000000080093f8        0x4 /usr/lib/gcc/arm-none-eabi/4.9.3/../../../arm-none-eabi/lib/armv7e-m/fpu/libg.a(lib_a-findfp.o)
                0x00000000080093f8                __sfp_lock_acquire
 .text.__sfp_lock_release
                0x00000000080093fc        0x4 /usr/lib/gcc/arm-none-eabi/4.9.3/../../../arm-none-eabi/lib/armv7e-m/fpu/libg.a(lib_a-findfp.o)
                0x00000000080093fc                __sfp_lock_release
 .text._malloc_trim_r
                0x0000000008009400       0x9c /usr/lib/gcc/arm-none-eabi/4.9.3/../../../arm-none-eabi/lib/armv7e-m/fpu/libg.a(lib_a-freer.o)
                0x0000000008009400                _malloc_trim_r
 .text._free_r  0x000000000800949c      0x1b0 /usr/lib/gcc/arm-none-eabi/4.9.3/../../../arm-none-eabi/lib/armv7e-m/fpu/libg.a(lib_a-freer.o)
                0x000000000800949c                _free_r
 .text.__sfvwrite_r
                0x000000000800964c      0x318 /usr/lib/gcc/arm-none-eabi/4.9.3/../../../arm-none-eabi/lib/armv7e-m/fpu/libg.a(lib_a-fvwrite.o)
                0x000000000800964c                __sfvwrite_r
 .text._fwalk_reent
                0x0000000008009964       0x54 /usr/lib/gcc/arm-none-eabi/4.9.3/../../../arm-none-eabi/lib/armv7e-m/fpu/libg.a(lib_a-fwalk.o)
                0x0000000008009964                _fwalk_reent
 .text.__locale_charset
                0x00000000080099b8        0x8 /usr/lib/gcc/arm-none-eabi/4.9.3/../../../arm-none-eabi/lib/armv7e-m/fpu/libg.a(lib_a-locale.o)
                0x00000000080099b8                __locale_charset
 .text.__locale_mb_cur_max
                0x00000000080099c0        0xc /usr/lib/gcc/arm-none-eabi/4.9.3/../../../arm-none-eabi/lib/armv7e-m/fpu/libg.a(lib_a-locale.o)
                0x00000000080099c0                __locale_mb_cur_max
 .text._localeconv_r
                0x00000000080099cc        0x8 /usr/lib/gcc/arm-none-eabi/4.9.3/../../../arm-none-eabi/lib/armv7e-m/fpu/libg.a(lib_a-locale.o)
                0x00000000080099cc                _localeconv_r
 .text.__smakebuf_r
                0x00000000080099d4       0xe0 /usr/lib/gcc/arm-none-eabi/4.9.3/../../../arm-none-eabi/lib/armv7e-m/fpu/libg.a(lib_a-makebuf.o)
                0x00000000080099d4                __smakebuf_r
 .text.malloc   0x0000000008009ab4       0x10 /usr/lib/gcc/arm-none-eabi/4.9.3/../../../arm-none-eabi/lib/armv7e-m/fpu/libg.a(lib_a-malloc.o)
                0x0000000008009ab4                malloc
 .text._malloc_r
                0x0000000008009ac4      0x524 /usr/lib/gcc/arm-none-eabi/4.9.3/../../../arm-none-eabi/lib/armv7e-m/fpu/libg.a(lib_a-mallocr.o)
                0x0000000008009ac4                _malloc_r
 .text.memchr   0x0000000008009fe8       0x94 /usr/lib/gcc/arm-none-eabi/4.9.3/../../../arm-none-eabi/lib/armv7e-m/fpu/libg.a(lib_a-memchr.o)
                0x0000000008009fe8                memchr
 .text.memmove  0x000000000800a07c       0xc8 /usr/lib/gcc/arm-none-eabi/4.9.3/../../../arm-none-eabi/lib/armv7e-m/fpu/libg.a(lib_a-memmove.o)
                0x000000000800a07c                memmove
 .text.__malloc_lock
                0x000000000800a144        0x4 /usr/lib/gcc/arm-none-eabi/4.9.3/../../../arm-none-eabi/lib/armv7e-m/fpu/libg.a(lib_a-mlock.o)
                0x000000000800a144                __malloc_lock
 .text.__malloc_unlock
                0x000000000800a148        0x4 /usr/lib/gcc/arm-none-eabi/4.9.3/../../../arm-none-eabi/lib/armv7e-m/fpu/libg.a(lib_a-mlock.o)
                0x000000000800a148                __malloc_unlock
 .text._Balloc  0x000000000800a14c       0x4c /usr/lib/gcc/arm-none-eabi/4.9.3/../../../arm-none-eabi/lib/armv7e-m/fpu/libg.a(lib_a-mprec.o)
                0x000000000800a14c                _Balloc
 .text._Bfree   0x000000000800a198       0x14 /usr/lib/gcc/arm-none-eabi/4.9.3/../../../arm-none-eabi/lib/armv7e-m/fpu/libg.a(lib_a-mprec.o)
                0x000000000800a198                _Bfree
 .text.__multadd
                0x000000000800a1ac       0x84 /usr/lib/gcc/arm-none-eabi/4.9.3/../../../arm-none-eabi/lib/armv7e-m/fpu/libg.a(lib_a-mprec.o)
                0x000000000800a1ac                __multadd
 .text.__hi0bits
                0x000000000800a230       0x40 /usr/lib/gcc/arm-none-eabi/4.9.3/../../../arm-none-eabi/lib/armv7e-m/fpu/libg.a(lib_a-mprec.o)
                0x000000000800a230                __hi0bits
 .text.__lo0bits
                0x000000000800a270       0x5c /usr/lib/gcc/arm-none-eabi/4.9.3/../../../arm-none-eabi/lib/armv7e-m/fpu/libg.a(lib_a-mprec.o)
                0x000000000800a270                __lo0bits
 .text.__i2b    0x000000000800a2cc       0x14 /usr/lib/gcc/arm-none-eabi/4.9.3/../../../arm-none-eabi/lib/armv7e-m/fpu/libg.a(lib_a-mprec.o)
                0x000000000800a2cc                __i2b
 .text.__multiply
                0x000000000800a2e0      0x134 /usr/lib/gcc/arm-none-eabi/4.9.3/../../../arm-none-eabi/lib/armv7e-m/fpu/libg.a(lib_a-mprec.o)
                0x000000000800a2e0                __multiply
 .text.__pow5mult
                0x000000000800a414       0xa0 /usr/lib/gcc/arm-none-eabi/4.9.3/../../../arm-none-eabi/lib/armv7e-m/fpu/libg.a(lib_a-mprec.o)
                0x000000000800a414                __pow5mult
 .text.__lshift
                0x000000000800a4b4       0xac /usr/lib/gcc/arm-none-eabi/4.9.3/../../../arm-none-eabi/lib/armv7e-m/fpu/libg.a(lib_a-mprec.o)
                0x000000000800a4b4                __lshift
 .text.__mcmp   0x000000000800a560       0x48 /usr/lib/gcc/arm-none-eabi/4.9.3/../../../arm-none-eabi/lib/armv7e-m/fpu/libg.a(lib_a-mprec.o)
                0x000000000800a560                __mcmp
 .text.__mdiff  0x000000000800a5a8       0xd4 /usr/lib/gcc/arm-none-eabi/4.9.3/../../../arm-none-eabi/lib/armv7e-m/fpu/libg.a(lib_a-mprec.o)
                0x000000000800a5a8                __mdiff
 .text.__d2b    0x000000000800a67c       0xbc /usr/lib/gcc/arm-none-eabi/4.9.3/../../../arm-none-eabi/lib/armv7e-m/fpu/libg.a(lib_a-mprec.o)
                0x000000000800a67c                __d2b
 .text._putc_r  0x000000000800a738       0x58 /usr/lib/gcc/arm-none-eabi/4.9.3/../../../arm-none-eabi/lib/armv7e-m/fpu/libg.a(lib_a-putc.o)
                0x000000000800a738                _putc_r
 .text._realloc_r
                0x000000000800a790      0x3ec /usr/lib/gcc/arm-none-eabi/4.9.3/../../../arm-none-eabi/lib/armv7e-m/fpu/libg.a(lib_a-reallocr.o)
                0x000000000800a790                _realloc_r
 .text.__fpclassifyd
                0x000000000800ab7c       0x5c /usr/lib/gcc/arm-none-eabi/4.9.3/../../../arm-none-eabi/lib/armv7e-m/fpu/libg.a(lib_a-s_fpclassify.o)
                0x000000000800ab7c                __fpclassifyd
 .text.__sread  0x000000000800abd8       0x24 /usr/lib/gcc/arm-none-eabi/4.9.3/../../../arm-none-eabi/lib/armv7e-m/fpu/libg.a(lib_a-stdio.o)
                0x000000000800abd8                __sread
 .text.__swrite
                0x000000000800abfc       0x38 /usr/lib/gcc/arm-none-eabi/4.9.3/../../../arm-none-eabi/lib/armv7e-m/fpu/libg.a(lib_a-stdio.o)
                0x000000000800abfc                __swrite
 .text.__sseek  0x000000000800ac34       0x20 /usr/lib/gcc/arm-none-eabi/4.9.3/../../../arm-none-eabi/lib/armv7e-m/fpu/libg.a(lib_a-stdio.o)
                0x000000000800ac34                __sseek
 .text.__sclose
                0x000000000800ac54        0x8 /usr/lib/gcc/arm-none-eabi/4.9.3/../../../arm-none-eabi/lib/armv7e-m/fpu/libg.a(lib_a-stdio.o)
                0x000000000800ac54                __sclose
 .text.__sprint_r.part.0
                0x000000000800ac5c       0x78 /usr/lib/gcc/arm-none-eabi/4.9.3/../../../arm-none-eabi/lib/armv7e-m/fpu/libg.a(lib_a-vfiprintf.o)
 .text.__sprint_r
                0x000000000800acd4       0x18 /usr/lib/gcc/arm-none-eabi/4.9.3/../../../arm-none-eabi/lib/armv7e-m/fpu/libg.a(lib_a-vfiprintf.o)
                0x000000000800acd4                __sprint_r
 .text.__swbuf_r
                0x000000000800acec       0xa8 /usr/lib/gcc/arm-none-eabi/4.9.3/../../../arm-none-eabi/lib/armv7e-m/fpu/libg.a(lib_a-wbuf.o)
                0x000000000800acec                __swbuf_r
 .text._calloc_r
                0x000000000800ad94       0x60 /usr/lib/gcc/arm-none-eabi/4.9.3/../../../arm-none-eabi/lib/armv7e-m/fpu/libg.a(lib_a-callocr.o)
                0x000000000800ad94                _calloc_r
 .text._fclose_r
                0x000000000800adf4       0x84 /usr/lib/gcc/arm-none-eabi/4.9.3/../../../arm-none-eabi/lib/armv7e-m/fpu/libg.a(lib_a-fclose.o)
                0x000000000800adf4                _fclose_r
 .text.__fputwc
                0x000000000800ae78       0xb0 /usr/lib/gcc/arm-none-eabi/4.9.3/../../../arm-none-eabi/lib/armv7e-m/fpu/libg.a(lib_a-fputwc.o)
                0x000000000800ae78                __fputwc
 .text._fputwc_r
                0x000000000800af28       0x24 /usr/lib/gcc/arm-none-eabi/4.9.3/../../../arm-none-eabi/lib/armv7e-m/fpu/libg.a(lib_a-fputwc.o)
                0x000000000800af28                _fputwc_r
 .text._wcrtomb_r
                0x000000000800af4c       0x54 /usr/lib/gcc/arm-none-eabi/4.9.3/../../../arm-none-eabi/lib/armv7e-m/fpu/libg.a(lib_a-wcrtomb.o)
                0x000000000800af4c                _wcrtomb_r
 .text.__ascii_wctomb
                0x000000000800afa0       0x1c /usr/lib/gcc/arm-none-eabi/4.9.3/../../../arm-none-eabi/lib/armv7e-m/fpu/libg.a(lib_a-wctomb_r.o)
                0x000000000800afa0                __ascii_wctomb
 *(.glue_7)
 .glue_7        0x000000000800afbc        0x0 linker stubs
 *(.glue_7t)
 .glue_7t       0x000000000800afbc        0x0 linker stubs
 *(.eh_frame)
 .eh_frame      0x000000000800afbc        0x0 /usr/lib/gcc/arm-none-eabi/4.9.3/armv7e-m/fpu/crtbegin.o
 *(.init)
 .init          0x000000000800afbc        0x4 /usr/lib/gcc/arm-none-eabi/4.9.3/armv7e-m/fpu/crti.o
                0x000000000800afbc                _init
 .init          0x000000000800afc0        0x8 /usr/lib/gcc/arm-none-eabi/4.9.3/armv7e-m/fpu/crtn.o
 *(.fini)
 .fini          0x000000000800afc8        0x4 /usr/lib/gcc/arm-none-eabi/4.9.3/armv7e-m/fpu/crti.o
                0x000000000800afc8                _fini
 .fini          0x000000000800afcc        0x8 /usr/lib/gcc/arm-none-eabi/4.9.3/armv7e-m/fpu/crtn.o
                0x000000000800afd4                . = ALIGN (0x4)
                0x000000000800afd4                _etext = .

.vfp11_veneer   0x000000000800afd4        0x0
 .vfp11_veneer  0x000000000800afd4        0x0 linker stubs

.v4_bx          0x000000000800afd4        0x0
 .v4_bx         0x000000000800afd4        0x0 linker stubs

.iplt           0x000000000800afd4        0x0
 .iplt          0x000000000800afd4        0x0 /usr/lib/gcc/arm-none-eabi/4.9.3/armv7e-m/fpu/crtbegin.o

.rodata         0x000000000800afd8     0xfa40
                0x000000000800afd8                . = ALIGN (0x4)
 *(.rodata)
 .rodata        0x000000000800afd8      0x494 build/decoder/STM32F30x_decoder.o
 *(.rodata*)
 .rodata.str1.1
                0x000000000800b46c      0x1d2 build/main.o
                                        0x1d9 (size before relaxing)
 .rodata.LEDs   0x000000000800b63e        0x8 build/main.o
                0x000000000800b63e                LEDs
 .rodata.str1.1
                0x000000000800b646       0xa6 build/detender.o
 .rodata.str1.1
                0x000000000800b6ec       0xe7 build/KunalLab3adc.o
                                         0xeb (size before relaxing)
 .rodata.str1.1
                0x000000000800b7d3       0x5d build/mytest.o
 .rodata.str1.1
                0x000000000800b830       0x4b build/monitor.o
                                         0x4d (size before relaxing)
 .rodata.str1.1
                0x000000000800b87b       0xe1 build/parser.o
                                         0xe4 (size before relaxing)
 .rodata.__FUNCTION__.5824
                0x000000000800b95c        0x6 build/parser.o
 .rodata.str1.1
                0x000000000800b962      0x1fc build/dump.o
                                        0x1fe (size before relaxing)
 .rodata.str1.1
                0x000000000800bb5e       0xaa build/terminal.o
                                         0xac (size before relaxing)
 .rodata.str1.1
                0x000000000800bc08      0x51a build/decoder/decoder.o
                                        0x529 (size before relaxing)
 *fill*         0x000000000800c122        0x2 
 .rodata.DMA1_registers
                0x000000000800c124      0x1e0 build/decoder/STM32F30x_decoder.o
                0x000000000800c124                DMA1_registers
 .rodata.SPI1_DR_fields
                0x000000000800c304        0x8 build/decoder/STM32F30x_decoder.o
                0x000000000800c304                SPI1_DR_fields
 .rodata.ADC1_2_CSR_fields
                0x000000000800c30c       0xb0 build/decoder/STM32F30x_decoder.o
                0x000000000800c30c                ADC1_2_CSR_fields
 .rodata.USB_FS_USB_EP3R_fields
                0x000000000800c3bc       0x50 build/decoder/STM32F30x_decoder.o
                0x000000000800c3bc                USB_FS_USB_EP3R_fields
 .rodata.GPIOB_PUPDR_fields
                0x000000000800c40c       0x80 build/decoder/STM32F30x_decoder.o
                0x000000000800c40c                GPIOB_PUPDR_fields
 .rodata.TSC_IOG8CR_fields
                0x000000000800c48c        0x8 build/decoder/STM32F30x_decoder.o
                0x000000000800c48c                TSC_IOG8CR_fields
 .rodata.TIM1_CCMR3_Output_fields
                0x000000000800c494       0x50 build/decoder/STM32F30x_decoder.o
                0x000000000800c494                TIM1_CCMR3_Output_fields
 .rodata.TIM1_SMCR_fields
                0x000000000800c4e4       0x48 build/decoder/STM32F30x_decoder.o
                0x000000000800c4e4                TIM1_SMCR_fields
 .rodata.RTC_SHIFTR_fields
                0x000000000800c52c       0x10 build/decoder/STM32F30x_decoder.o
                0x000000000800c52c                RTC_SHIFTR_fields
 .rodata.CAN_F24R1_fields
                0x000000000800c53c      0x100 build/decoder/STM32F30x_decoder.o
                0x000000000800c53c                CAN_F24R1_fields
 .rodata.RTC_TSDR_fields
                0x000000000800c63c       0x28 build/decoder/STM32F30x_decoder.o
                0x000000000800c63c                RTC_TSDR_fields
 .rodata.RTC_BKP22R_fields
                0x000000000800c664        0x8 build/decoder/STM32F30x_decoder.o
                0x000000000800c664                RTC_BKP22R_fields
 .rodata.TIM1_CCMR2_Output_fields
                0x000000000800c66c       0x60 build/decoder/STM32F30x_decoder.o
                0x000000000800c66c                TIM1_CCMR2_Output_fields
 .rodata.TIM17_RCR_fields
                0x000000000800c6cc        0x8 build/decoder/STM32F30x_decoder.o
                0x000000000800c6cc                TIM17_RCR_fields
 .rodata.EXTI_EMR1_fields
                0x000000000800c6d4      0x100 build/decoder/STM32F30x_decoder.o
                0x000000000800c6d4                EXTI_EMR1_fields
 .rodata.USB_FS_ISTR_fields
                0x000000000800c7d4       0x50 build/decoder/STM32F30x_decoder.o
                0x000000000800c7d4                USB_FS_ISTR_fields
 .rodata.I2C1_ICR_fields
                0x000000000800c824       0x48 build/decoder/STM32F30x_decoder.o
                0x000000000800c824                I2C1_ICR_fields
 .rodata.TIM16_ARR_fields
                0x000000000800c86c        0x8 build/decoder/STM32F30x_decoder.o
                0x000000000800c86c                TIM16_ARR_fields
 .rodata.RTC_ISR_fields
                0x000000000800c874       0x88 build/decoder/STM32F30x_decoder.o
                0x000000000800c874                RTC_ISR_fields
 .rodata.RTC_BKP27R_fields
                0x000000000800c8fc        0x8 build/decoder/STM32F30x_decoder.o
                0x000000000800c8fc                RTC_BKP27R_fields
 .rodata.TIM8_CCR6_fields
                0x000000000800c904        0x8 build/decoder/STM32F30x_decoder.o
                0x000000000800c904                TIM8_CCR6_fields
 .rodata.TIM17_BDTR_fields
                0x000000000800c90c       0x48 build/decoder/STM32F30x_decoder.o
                0x000000000800c90c                TIM17_BDTR_fields
 .rodata.TIM8_CCMR1_Input_fields
                0x000000000800c954       0x30 build/decoder/STM32F30x_decoder.o
                0x000000000800c954                TIM8_CCMR1_Input_fields
 .rodata.DAC_registers
                0x000000000800c984       0xe0 build/decoder/STM32F30x_decoder.o
                0x000000000800c984                DAC_registers
 .rodata.IWDG_WINR_fields
                0x000000000800ca64        0x8 build/decoder/STM32F30x_decoder.o
                0x000000000800ca64                IWDG_WINR_fields
 .rodata.CAN_F19R2_fields
                0x000000000800ca6c      0x100 build/decoder/STM32F30x_decoder.o
                0x000000000800ca6c                CAN_F19R2_fields
 .rodata.CAN_RF1R_fields
                0x000000000800cb6c       0x20 build/decoder/STM32F30x_decoder.o
                0x000000000800cb6c                CAN_RF1R_fields
 .rodata.RTC_CALR_fields
                0x000000000800cb8c       0x20 build/decoder/STM32F30x_decoder.o
                0x000000000800cb8c                RTC_CALR_fields
 .rodata.TIM2_SR_fields
                0x000000000800cbac       0x50 build/decoder/STM32F30x_decoder.o
                0x000000000800cbac                TIM2_SR_fields
 .rodata.SYSCFG_EXTICR2_fields
                0x000000000800cbfc       0x20 build/decoder/STM32F30x_decoder.o
                0x000000000800cbfc                SYSCFG_EXTICR2_fields
 .rodata.CAN_MCR_fields
                0x000000000800cc1c       0x50 build/decoder/STM32F30x_decoder.o
                0x000000000800cc1c                CAN_MCR_fields
 .rodata.TIM17_SR_fields
                0x000000000800cc6c       0x30 build/decoder/STM32F30x_decoder.o
                0x000000000800cc6c                TIM17_SR_fields
 .rodata.USART1_GTPR_fields
                0x000000000800cc9c       0x10 build/decoder/STM32F30x_decoder.o
                0x000000000800cc9c                USART1_GTPR_fields
 .rodata.DAC_DOR1_fields
                0x000000000800ccac        0x8 build/decoder/STM32F30x_decoder.o
                0x000000000800ccac                DAC_DOR1_fields
 .rodata.CAN_F1R1_fields
                0x000000000800ccb4      0x100 build/decoder/STM32F30x_decoder.o
                0x000000000800ccb4                CAN_F1R1_fields
 .rodata.CAN_FA1R_fields
                0x000000000800cdb4       0xe0 build/decoder/STM32F30x_decoder.o
                0x000000000800cdb4                CAN_FA1R_fields
 .rodata.RTC_BKP6R_fields
                0x000000000800ce94        0x8 build/decoder/STM32F30x_decoder.o
                0x000000000800ce94                RTC_BKP6R_fields
 .rodata.RCC_CFGR_fields
                0x000000000800ce9c       0x60 build/decoder/STM32F30x_decoder.o
                0x000000000800ce9c                RCC_CFGR_fields
 .rodata.PWR_CR_fields
                0x000000000800cefc       0x38 build/decoder/STM32F30x_decoder.o
                0x000000000800cefc                PWR_CR_fields
 .rodata.NVIC_ISER0_fields
                0x000000000800cf34        0x8 build/decoder/STM32F30x_decoder.o
                0x000000000800cf34                NVIC_ISER0_fields
 .rodata.DMA1_CPAR7_fields
                0x000000000800cf3c        0x8 build/decoder/STM32F30x_decoder.o
                0x000000000800cf3c                DMA1_CPAR7_fields
 .rodata.TSC_IOHCR_fields
                0x000000000800cf44      0x100 build/decoder/STM32F30x_decoder.o
                0x000000000800cf44                TSC_IOHCR_fields
 .rodata.CAN_F27R1_fields
                0x000000000800d044      0x100 build/decoder/STM32F30x_decoder.o
                0x000000000800d044                CAN_F27R1_fields
 .rodata.TIM6_ARR_fields
                0x000000000800d144        0x8 build/decoder/STM32F30x_decoder.o
                0x000000000800d144                TIM6_ARR_fields
 .rodata.CAN_F12R1_fields
                0x000000000800d14c      0x100 build/decoder/STM32F30x_decoder.o
                0x000000000800d14c                CAN_F12R1_fields
 .rodata.TIM15_DCR_fields
                0x000000000800d24c       0x10 build/decoder/STM32F30x_decoder.o
                0x000000000800d24c                TIM15_DCR_fields
 .rodata.NVIC_IPR18_fields
                0x000000000800d25c       0x20 build/decoder/STM32F30x_decoder.o
                0x000000000800d25c                NVIC_IPR18_fields
 .rodata.RTC_BKP13R_fields
                0x000000000800d27c        0x8 build/decoder/STM32F30x_decoder.o
                0x000000000800d27c                RTC_BKP13R_fields
 .rodata.CAN_BTR_fields
                0x000000000800d284       0x30 build/decoder/STM32F30x_decoder.o
                0x000000000800d284                CAN_BTR_fields
 .rodata.TIM15_BDTR_fields
                0x000000000800d2b4       0x48 build/decoder/STM32F30x_decoder.o
                0x000000000800d2b4                TIM15_BDTR_fields
 .rodata.NVIC_IPR1_fields
                0x000000000800d2fc       0x20 build/decoder/STM32F30x_decoder.o
                0x000000000800d2fc                NVIC_IPR1_fields
 .rodata.TIM15_PSC_fields
                0x000000000800d31c        0x8 build/decoder/STM32F30x_decoder.o
                0x000000000800d31c                TIM15_PSC_fields
 .rodata.Flash_ACR_fields
                0x000000000800d324       0x18 build/decoder/STM32F30x_decoder.o
                0x000000000800d324                Flash_ACR_fields
 .rodata.TIM17_CCMR1_Output_fields
                0x000000000800d33c       0x28 build/decoder/STM32F30x_decoder.o
                0x000000000800d33c                TIM17_CCMR1_Output_fields
 .rodata.TIM2_ARR_fields
                0x000000000800d364       0x10 build/decoder/STM32F30x_decoder.o
                0x000000000800d364                TIM2_ARR_fields
 .rodata.Flash_registers
                0x000000000800d374       0x80 build/decoder/STM32F30x_decoder.o
                0x000000000800d374                Flash_registers
 .rodata.CAN_TDH0R_fields
                0x000000000800d3f4       0x20 build/decoder/STM32F30x_decoder.o
                0x000000000800d3f4                CAN_TDH0R_fields
 .rodata.TIM1_DCR_fields
                0x000000000800d414       0x10 build/decoder/STM32F30x_decoder.o
                0x000000000800d414                TIM1_DCR_fields
 .rodata.CAN_TI2R_fields
                0x000000000800d424       0x28 build/decoder/STM32F30x_decoder.o
                0x000000000800d424                CAN_TI2R_fields
 .rodata.ADC1_IER_fields
                0x000000000800d44c       0x58 build/decoder/STM32F30x_decoder.o
                0x000000000800d44c                ADC1_IER_fields
 .rodata.NVIC_ICPR2_fields
                0x000000000800d4a4        0x8 build/decoder/STM32F30x_decoder.o
                0x000000000800d4a4                NVIC_ICPR2_fields
 .rodata.EXTI_IMR1_fields
                0x000000000800d4ac      0x100 build/decoder/STM32F30x_decoder.o
                0x000000000800d4ac                EXTI_IMR1_fields
 .rodata.TSC_IOASCR_fields
                0x000000000800d5ac      0x100 build/decoder/STM32F30x_decoder.o
                0x000000000800d5ac                TSC_IOASCR_fields
 .rodata.RCC_CFGR2_fields
                0x000000000800d6ac       0x18 build/decoder/STM32F30x_decoder.o
                0x000000000800d6ac                RCC_CFGR2_fields
 .rodata.TIM1_PSC_fields
                0x000000000800d6c4        0x8 build/decoder/STM32F30x_decoder.o
                0x000000000800d6c4                TIM1_PSC_fields
 .rodata.Flash_KEYR_fields
                0x000000000800d6cc        0x8 build/decoder/STM32F30x_decoder.o
                0x000000000800d6cc                Flash_KEYR_fields
 .rodata.TIM8_CR2_fields
                0x000000000800d6d4       0x78 build/decoder/STM32F30x_decoder.o
                0x000000000800d6d4                TIM8_CR2_fields
 .rodata.ADC1_CFGR_fields
                0x000000000800d74c       0x98 build/decoder/STM32F30x_decoder.o
                0x000000000800d74c                ADC1_CFGR_fields
 .rodata.TIM17_EGR_fields
                0x000000000800d7e4       0x28 build/decoder/STM32F30x_decoder.o
                0x000000000800d7e4                TIM17_EGR_fields
 .rodata.TSC_IOGCSR_fields
                0x000000000800d80c       0x80 build/decoder/STM32F30x_decoder.o
                0x000000000800d80c                TSC_IOGCSR_fields
 .rodata.NVIC_IPR0_fields
                0x000000000800d88c       0x20 build/decoder/STM32F30x_decoder.o
                0x000000000800d88c                NVIC_IPR0_fields
 .rodata.NVIC_IPR8_fields
                0x000000000800d8ac       0x20 build/decoder/STM32F30x_decoder.o
                0x000000000800d8ac                NVIC_IPR8_fields
 .rodata.RTC_WUTR_fields
                0x000000000800d8cc        0x8 build/decoder/STM32F30x_decoder.o
                0x000000000800d8cc                RTC_WUTR_fields
 .rodata.GPIOB_OSPEEDR_fields
                0x000000000800d8d4       0x80 build/decoder/STM32F30x_decoder.o
                0x000000000800d8d4                GPIOB_OSPEEDR_fields
 .rodata.ADC1_ISR_fields
                0x000000000800d954       0x58 build/decoder/STM32F30x_decoder.o
                0x000000000800d954                ADC1_ISR_fields
 .rodata.NVIC_ICER1_fields
                0x000000000800d9ac        0x8 build/decoder/STM32F30x_decoder.o
                0x000000000800d9ac                NVIC_ICER1_fields
 .rodata.RTC_BKP7R_fields
                0x000000000800d9b4        0x8 build/decoder/STM32F30x_decoder.o
                0x000000000800d9b4                RTC_BKP7R_fields
 .rodata.CAN_RF0R_fields
                0x000000000800d9bc       0x20 build/decoder/STM32F30x_decoder.o
                0x000000000800d9bc                CAN_RF0R_fields
 .rodata.CAN_FS1R_fields
                0x000000000800d9dc       0xe0 build/decoder/STM32F30x_decoder.o
                0x000000000800d9dc                CAN_FS1R_fields
 .rodata.GPIOA_AFRL_fields
                0x000000000800dabc       0x40 build/decoder/STM32F30x_decoder.o
                0x000000000800dabc                GPIOA_AFRL_fields
 .rodata.DMA1_CMAR3_fields
                0x000000000800dafc        0x8 build/decoder/STM32F30x_decoder.o
                0x000000000800dafc                DMA1_CMAR3_fields
 .rodata.ADC1_SQR1_fields
                0x000000000800db04       0x28 build/decoder/STM32F30x_decoder.o
                0x000000000800db04                ADC1_SQR1_fields
 .rodata.CAN_F15R2_fields
                0x000000000800db2c      0x100 build/decoder/STM32F30x_decoder.o
                0x000000000800db2c                CAN_F15R2_fields
 .rodata.TIM2_DMAR_fields
                0x000000000800dc2c        0x8 build/decoder/STM32F30x_decoder.o
                0x000000000800dc2c                TIM2_DMAR_fields
 .rodata.I2C1_TIMEOUTR_fields
                0x000000000800dc34       0x28 build/decoder/STM32F30x_decoder.o
                0x000000000800dc34                I2C1_TIMEOUTR_fields
 .rodata.GPIOB_LCKR_fields
                0x000000000800dc5c       0x88 build/decoder/STM32F30x_decoder.o
                0x000000000800dc5c                GPIOB_LCKR_fields
 .rodata.DAC_DHR8R1_fields
                0x000000000800dce4        0x8 build/decoder/STM32F30x_decoder.o
                0x000000000800dce4                DAC_DHR8R1_fields
 .rodata.TIM1_CCMR1_Output_fields
                0x000000000800dcec       0x60 build/decoder/STM32F30x_decoder.o
                0x000000000800dcec                TIM1_CCMR1_Output_fields
 .rodata.TIM1_CCR2_fields
                0x000000000800dd4c        0x8 build/decoder/STM32F30x_decoder.o
                0x000000000800dd4c                TIM1_CCR2_fields
 .rodata.TIM1_OR_fields
                0x000000000800dd54       0x10 build/decoder/STM32F30x_decoder.o
                0x000000000800dd54                TIM1_OR_fields
 .rodata.USART1_TDR_fields
                0x000000000800dd64        0x8 build/decoder/STM32F30x_decoder.o
                0x000000000800dd64                USART1_TDR_fields
 .rodata.NVIC_STIR_fields
                0x000000000800dd6c        0x8 build/decoder/STM32F30x_decoder.o
                0x000000000800dd6c                NVIC_STIR_fields
 .rodata.USB_FS_USB_EP7R_fields
                0x000000000800dd74       0x50 build/decoder/STM32F30x_decoder.o
                0x000000000800dd74                USB_FS_USB_EP7R_fields
 .rodata.ADC1_SQR4_fields
                0x000000000800ddc4       0x10 build/decoder/STM32F30x_decoder.o
                0x000000000800ddc4                ADC1_SQR4_fields
 .rodata.SYSCFG_registers
                0x000000000800ddd4       0x70 build/decoder/STM32F30x_decoder.o
                0x000000000800ddd4                SYSCFG_registers
 .rodata.PWR_CSR_fields
                0x000000000800de44       0x28 build/decoder/STM32F30x_decoder.o
                0x000000000800de44                PWR_CSR_fields
 .rodata.GPIOB_AFRH_fields
                0x000000000800de6c       0x40 build/decoder/STM32F30x_decoder.o
                0x000000000800de6c                GPIOB_AFRH_fields
 .rodata.FPU_FPCCR_fields
                0x000000000800deac       0x48 build/decoder/STM32F30x_decoder.o
                0x000000000800deac                FPU_FPCCR_fields
 .rodata.DBGMCU_APB2FZ_fields
                0x000000000800def4       0x20 build/decoder/STM32F30x_decoder.o
                0x000000000800def4                DBGMCU_APB2FZ_fields
 .rodata.TIM8_CCR1_fields
                0x000000000800df14        0x8 build/decoder/STM32F30x_decoder.o
                0x000000000800df14                TIM8_CCR1_fields
 .rodata.WWDG_SR_fields
                0x000000000800df1c        0x8 build/decoder/STM32F30x_decoder.o
                0x000000000800df1c                WWDG_SR_fields
 .rodata.TIM16_DIER_fields
                0x000000000800df24       0x48 build/decoder/STM32F30x_decoder.o
                0x000000000800df24                TIM16_DIER_fields
 .rodata.TIM1_CCR5_fields
                0x000000000800df6c       0x20 build/decoder/STM32F30x_decoder.o
                0x000000000800df6c                TIM1_CCR5_fields
 .rodata.TIM8_BDTR_fields
                0x000000000800df8c       0x60 build/decoder/STM32F30x_decoder.o
                0x000000000800df8c                TIM8_BDTR_fields
 .rodata.Flash_CR_fields
                0x000000000800dfec       0x58 build/decoder/STM32F30x_decoder.o
                0x000000000800dfec                Flash_CR_fields
 .rodata.TIM1_DIER_fields
                0x000000000800e044       0x78 build/decoder/STM32F30x_decoder.o
                0x000000000800e044                TIM1_DIER_fields
 .rodata.RTC_BKP26R_fields
                0x000000000800e0bc        0x8 build/decoder/STM32F30x_decoder.o
                0x000000000800e0bc                RTC_BKP26R_fields
 .rodata.Flash_OBR_fields
                0x000000000800e0c4       0x58 build/decoder/STM32F30x_decoder.o
                0x000000000800e0c4                Flash_OBR_fields
 .rodata.ADC1_AWD2CR_fields
                0x000000000800e11c        0x8 build/decoder/STM32F30x_decoder.o
                0x000000000800e11c                ADC1_AWD2CR_fields
 .rodata.FPU_registers
                0x000000000800e124       0x60 build/decoder/STM32F30x_decoder.o
                0x000000000800e124                FPU_registers
 .rodata.DAC_CR_fields
                0x000000000800e184       0x80 build/decoder/STM32F30x_decoder.o
                0x000000000800e184                DAC_CR_fields
 .rodata.NVIC_IPR10_fields
                0x000000000800e204       0x20 build/decoder/STM32F30x_decoder.o
                0x000000000800e204                NVIC_IPR10_fields
 .rodata.TIM15_CCR1_fields
                0x000000000800e224        0x8 build/decoder/STM32F30x_decoder.o
                0x000000000800e224                TIM15_CCR1_fields
 .rodata.RTC_ALRMAR_fields
                0x000000000800e22c       0x70 build/decoder/STM32F30x_decoder.o
                0x000000000800e22c                RTC_ALRMAR_fields
 .rodata.GPIOA_BSRR_fields
                0x000000000800e29c      0x100 build/decoder/STM32F30x_decoder.o
                0x000000000800e29c                GPIOA_BSRR_fields
 .rodata.TIM16_SR_fields
                0x000000000800e39c       0x30 build/decoder/STM32F30x_decoder.o
                0x000000000800e39c                TIM16_SR_fields
 .rodata.CAN_F6R1_fields
                0x000000000800e3cc      0x100 build/decoder/STM32F30x_decoder.o
                0x000000000800e3cc                CAN_F6R1_fields
 .rodata.ADC1_OFR1_fields
                0x000000000800e4cc       0x18 build/decoder/STM32F30x_decoder.o
                0x000000000800e4cc                ADC1_OFR1_fields
 .rodata.TIM15_CR1_fields
                0x000000000800e4e4       0x38 build/decoder/STM32F30x_decoder.o
                0x000000000800e4e4                TIM15_CR1_fields
 .rodata.NVIC_IABR2_fields
                0x000000000800e51c        0x8 build/decoder/STM32F30x_decoder.o
                0x000000000800e51c                NVIC_IABR2_fields
 .rodata.DMA1_CCR2_fields
                0x000000000800e524       0x60 build/decoder/STM32F30x_decoder.o
                0x000000000800e524                DMA1_CCR2_fields
 .rodata.NVIC_IPR13_fields
                0x000000000800e584       0x20 build/decoder/STM32F30x_decoder.o
                0x000000000800e584                NVIC_IPR13_fields
 .rodata.CAN_F22R2_fields
                0x000000000800e5a4      0x100 build/decoder/STM32F30x_decoder.o
                0x000000000800e5a4                CAN_F22R2_fields
 .rodata.CAN_F0R2_fields
                0x000000000800e6a4      0x100 build/decoder/STM32F30x_decoder.o
                0x000000000800e6a4                CAN_F0R2_fields
 .rodata.RTC_BKP0R_fields
                0x000000000800e7a4        0x8 build/decoder/STM32F30x_decoder.o
                0x000000000800e7a4                RTC_BKP0R_fields
 .rodata.CAN_F19R1_fields
                0x000000000800e7ac      0x100 build/decoder/STM32F30x_decoder.o
                0x000000000800e7ac                CAN_F19R1_fields
 .rodata.DMA1_IFCR_fields
                0x000000000800e8ac       0xe0 build/decoder/STM32F30x_decoder.o
                0x000000000800e8ac                DMA1_IFCR_fields
 .rodata.TIM16_CCMR1_Input_fields
                0x000000000800e98c       0x18 build/decoder/STM32F30x_decoder.o
                0x000000000800e98c                TIM16_CCMR1_Input_fields
 .rodata.TIM2_SMCR_fields
                0x000000000800e9a4       0x48 build/decoder/STM32F30x_decoder.o
                0x000000000800e9a4                TIM2_SMCR_fields
 .rodata.CAN_TDT1R_fields
                0x000000000800e9ec       0x18 build/decoder/STM32F30x_decoder.o
                0x000000000800e9ec                CAN_TDT1R_fields
 .rodata.COMP_COMP6_CSR_fields
                0x000000000800ea04       0x58 build/decoder/STM32F30x_decoder.o
                0x000000000800ea04                COMP_COMP6_CSR_fields
 .rodata.I2C1_CR2_fields
                0x000000000800ea5c       0x68 build/decoder/STM32F30x_decoder.o
                0x000000000800ea5c                I2C1_CR2_fields
 .rodata.TIM1_CR1_fields
                0x000000000800eac4       0x48 build/decoder/STM32F30x_decoder.o
                0x000000000800eac4                TIM1_CR1_fields
 .rodata.CAN_F26R2_fields
                0x000000000800eb0c      0x100 build/decoder/STM32F30x_decoder.o
                0x000000000800eb0c                CAN_F26R2_fields
 .rodata.RTC_BKP10R_fields
                0x000000000800ec0c        0x8 build/decoder/STM32F30x_decoder.o
                0x000000000800ec0c                RTC_BKP10R_fields
 .rodata.DMA1_CMAR6_fields
                0x000000000800ec14        0x8 build/decoder/STM32F30x_decoder.o
                0x000000000800ec14                DMA1_CMAR6_fields
 .rodata.CAN_F11R2_fields
                0x000000000800ec1c      0x100 build/decoder/STM32F30x_decoder.o
                0x000000000800ec1c                CAN_F11R2_fields
 .rodata.NVIC_IPR20_fields
                0x000000000800ed1c       0x20 build/decoder/STM32F30x_decoder.o
                0x000000000800ed1c                NVIC_IPR20_fields
 .rodata.ADC1_DR_fields
                0x000000000800ed3c        0x8 build/decoder/STM32F30x_decoder.o
                0x000000000800ed3c                ADC1_DR_fields
 .rodata.CAN_F16R1_fields
                0x000000000800ed44      0x100 build/decoder/STM32F30x_decoder.o
                0x000000000800ed44                CAN_F16R1_fields
 .rodata.TSC_registers